Archive member included to satisfy reference by file (symbol)

G:\VeriSilicon\VeriHealthi_QEMU_SDK.202405_preliminary\VeriHealthi_QEMU_SDK.202405_preliminary\VeriHealthi_QEMU_SDK_v3.1\VeriHealthi_QEMU_SDK\galaxy_sdk\bsp\lib\libbsp_riscv.a(port.c.o)
                              ./galaxy_sdk/bsp/src/portasm.o (xPortTaskSwitch)
G:\VeriSilicon\VeriHealthi_QEMU_SDK.202405_preliminary\VeriHealthi_QEMU_SDK.202405_preliminary\VeriHealthi_QEMU_SDK_v3.1\VeriHealthi_QEMU_SDK\galaxy_sdk\bsp\lib\libbsp_riscv.a(soc_init.c.o)
                              ./galaxy_sdk/main.o (soc_init)
G:\VeriSilicon\VeriHealthi_QEMU_SDK.202405_preliminary\VeriHealthi_QEMU_SDK.202405_preliminary\VeriHealthi_QEMU_SDK_v3.1\VeriHealthi_QEMU_SDK\galaxy_sdk\bsp\lib\libbsp_riscv.a(soc_sysctl.c.o)
                              G:\VeriSilicon\VeriHealthi_QEMU_SDK.202405_preliminary\VeriHealthi_QEMU_SDK.202405_preliminary\VeriHealthi_QEMU_SDK_v3.1\VeriHealthi_QEMU_SDK\galaxy_sdk\bsp\lib\libbsp_riscv.a(port.c.o) (soc_rtc_clock_get_freq)
G:\VeriSilicon\VeriHealthi_QEMU_SDK.202405_preliminary\VeriHealthi_QEMU_SDK.202405_preliminary\VeriHealthi_QEMU_SDK_v3.1\VeriHealthi_QEMU_SDK\galaxy_sdk\bsp\lib\libbsp_riscv.a(soc_pinmux.c.o)
                              G:\VeriSilicon\VeriHealthi_QEMU_SDK.202405_preliminary\VeriHealthi_QEMU_SDK.202405_preliminary\VeriHealthi_QEMU_SDK_v3.1\VeriHealthi_QEMU_SDK\galaxy_sdk\bsp\lib\libbsp_riscv.a(soc_sysctl.c.o) (soc_pinmux_set)
G:\VeriSilicon\VeriHealthi_QEMU_SDK.202405_preliminary\VeriHealthi_QEMU_SDK.202405_preliminary\VeriHealthi_QEMU_SDK_v3.1\VeriHealthi_QEMU_SDK\galaxy_sdk\bsp\lib\libbsp_riscv.a(system_pegasus.c.o)
                              ./galaxy_sdk/bsp/src/startup_riscv.o (premain_system_init)
G:\VeriSilicon\VeriHealthi_QEMU_SDK.202405_preliminary\VeriHealthi_QEMU_SDK.202405_preliminary\VeriHealthi_QEMU_SDK_v3.1\VeriHealthi_QEMU_SDK\galaxy_sdk\bsp\lib\libbsp_riscv.a(boot.c.o)
                              G:\VeriSilicon\VeriHealthi_QEMU_SDK.202405_preliminary\VeriHealthi_QEMU_SDK.202405_preliminary\VeriHealthi_QEMU_SDK_v3.1\VeriHealthi_QEMU_SDK\galaxy_sdk\bsp\lib\libbsp_riscv.a(soc_sysctl.c.o) (boot_get_zsp_addr)
G:\VeriSilicon\VeriHealthi_QEMU_SDK.202405_preliminary\VeriHealthi_QEMU_SDK.202405_preliminary\VeriHealthi_QEMU_SDK_v3.1\VeriHealthi_QEMU_SDK\galaxy_sdk\bsp\lib\libbsp_riscv.a(board.c.o)
                              ./galaxy_sdk/main.o (board_register)
G:\VeriSilicon\VeriHealthi_QEMU_SDK.202405_preliminary\VeriHealthi_QEMU_SDK.202405_preliminary\VeriHealthi_QEMU_SDK_v3.1\VeriHealthi_QEMU_SDK\galaxy_sdk\bsp\lib\libbsp_riscv.a(arch_api.c.o)
                              G:\VeriSilicon\VeriHealthi_QEMU_SDK.202405_preliminary\VeriHealthi_QEMU_SDK.202405_preliminary\VeriHealthi_QEMU_SDK_v3.1\VeriHealthi_QEMU_SDK\galaxy_sdk\bsp\lib\libbsp_riscv.a(port.c.o) (cpu_sleep)
G:\VeriSilicon\VeriHealthi_QEMU_SDK.202405_preliminary\VeriHealthi_QEMU_SDK.202405_preliminary\VeriHealthi_QEMU_SDK_v3.1\VeriHealthi_QEMU_SDK\galaxy_sdk\drivers\lib\libdriver_riscv.a(clock.c.o)
                              G:\VeriSilicon\VeriHealthi_QEMU_SDK.202405_preliminary\VeriHealthi_QEMU_SDK.202405_preliminary\VeriHealthi_QEMU_SDK_v3.1\VeriHealthi_QEMU_SDK\galaxy_sdk\bsp\lib\libbsp_riscv.a(soc_sysctl.c.o) (clk_get_rate)
G:\VeriSilicon\VeriHealthi_QEMU_SDK.202405_preliminary\VeriHealthi_QEMU_SDK.202405_preliminary\VeriHealthi_QEMU_SDK_v3.1\VeriHealthi_QEMU_SDK\galaxy_sdk\drivers\lib\libdriver_riscv.a(pdm_simulator.c.o)
                              G:\VeriSilicon\VeriHealthi_QEMU_SDK.202405_preliminary\VeriHealthi_QEMU_SDK.202405_preliminary\VeriHealthi_QEMU_SDK_v3.1\VeriHealthi_QEMU_SDK\galaxy_sdk\bsp\lib\libbsp_riscv.a(soc_init.c.o) (pdm_simulator_device_init)
G:\VeriSilicon\VeriHealthi_QEMU_SDK.202405_preliminary\VeriHealthi_QEMU_SDK.202405_preliminary\VeriHealthi_QEMU_SDK_v3.1\VeriHealthi_QEMU_SDK\galaxy_sdk\modules\lib\libcommon_riscv.a(uart_printf.c.o)
                              ./galaxy_sdk/main.o (uart_printf)
G:\VeriSilicon\VeriHealthi_QEMU_SDK.202405_preliminary\VeriHealthi_QEMU_SDK.202405_preliminary\VeriHealthi_QEMU_SDK_v3.1\VeriHealthi_QEMU_SDK\galaxy_sdk\modules\lib\libcommon_riscv.a(sw_timer_os.c.o)
                              G:\VeriSilicon\VeriHealthi_QEMU_SDK.202405_preliminary\VeriHealthi_QEMU_SDK.202405_preliminary\VeriHealthi_QEMU_SDK_v3.1\VeriHealthi_QEMU_SDK\galaxy_sdk\drivers\lib\libdriver_riscv.a(pdm_simulator.c.o) (vpi_timer_create)
G:\VeriSilicon\VeriHealthi_QEMU_SDK.202405_preliminary\VeriHealthi_QEMU_SDK.202405_preliminary\VeriHealthi_QEMU_SDK_v3.1\VeriHealthi_QEMU_SDK\galaxy_sdk\modules\lib\libcommon_riscv.a(vpi_error.c.o)
                              ./galaxy_sdk/main.o (vsd_to_vpi)
G:\VeriSilicon\VeriHealthi_QEMU_SDK.202405_preliminary\VeriHealthi_QEMU_SDK.202405_preliminary\VeriHealthi_QEMU_SDK_v3.1\VeriHealthi_QEMU_SDK\galaxy_sdk\modules\lib\libcommon_riscv.a(vs_logging.c.o)
[...]
Memory Configuration

Name             Origin             Length             Attributes
flash            0x20000000         0x00300000         axr!w
ram              0x90000000         0x00040000         axw!r
*default*        0x00000000         0xffffffff

Linker script and memory map

START GROUP
LOAD ./galaxy_sdk/user/PrivateGATT.o
LOAD ./galaxy_sdk/drivers/src/hal_dmac.o
LOAD ./galaxy_sdk/drivers/src/hal_gpio.o
LOAD ./galaxy_sdk/drivers/src/hal_pdm.o
LOAD ./galaxy_sdk/drivers/src/hal_uart.o
LOAD ./galaxy_sdk/bsp/src/intexc_riscv.o
LOAD ./galaxy_sdk/bsp/src/portasm.o
LOAD ./galaxy_sdk/bsp/src/qemu_board.o
LOAD ./galaxy_sdk/bsp/src/startup_riscv.o
LOAD ./galaxy_sdk/main.o
LOAD C:/Embedded_tools/NucleiStudio/toolchain/gcc/bin/../lib/gcc/riscv64-unknown-elf/13.1.1/../../../../riscv64-unknown-elf/lib/rv32imafc_xxldsp/ilp32f\libstdc++.a
LOAD G:\VeriSilicon\VeriHealthi_QEMU_SDK.202405_preliminary\VeriHealthi_QEMU_SDK.202405_preliminary\VeriHealthi_QEMU_SDK_v3.1\VeriHealthi_QEMU_SDK\galaxy_sdk\bsp\lib\libbsp_riscv.a
LOAD G:\VeriSilicon\VeriHealthi_QEMU_SDK.202405_preliminary\VeriHealthi_QEMU_SDK.202405_preliminary\VeriHealthi_QEMU_SDK_v3.1\VeriHealthi_QEMU_SDK\galaxy_sdk\drivers\lib\libdriver_riscv.a
LOAD G:\VeriSilicon\VeriHealthi_QEMU_SDK.202405_preliminary\VeriHealthi_QEMU_SDK.202405_preliminary\VeriHealthi_QEMU_SDK_v3.1\VeriHealthi_QEMU_SDK\galaxy_sdk\modules\lib\libcommon_riscv.a
LOAD G:\VeriSilicon\VeriHealthi_QEMU_SDK.202405_preliminary\VeriHealthi_QEMU_SDK.202405_preliminary\VeriHealthi_QEMU_SDK_v3.1\VeriHealthi_QEMU_SDK\galaxy_sdk\osal\lib\libosal_riscv.a
LOAD G:\VeriSilicon\VeriHealthi_QEMU_SDK.202405_preliminary\VeriHealthi_QEMU_SDK.202405_preliminary\VeriHealthi_QEMU_SDK_v3.1\VeriHealthi_QEMU_SDK\galaxy_sdk\os\lib\libos_riscv.a
LOAD G:\VeriSilicon\VeriHealthi_QEMU_SDK.202405_preliminary\VeriHealthi_QEMU_SDK.202405_preliminary\VeriHealthi_QEMU_SDK_v3.1\VeriHealthi_QEMU_SDK\galaxy_sdk\prebuilts\bluetooth\health\libble.a
LOAD G:\VeriSilicon\VeriHealthi_QEMU_SDK.202405_preliminary\VeriHealthi_QEMU_SDK.202405_preliminary\VeriHealthi_QEMU_SDK_v3.1\VeriHealthi_QEMU_SDK\galaxy_sdk\modules\external\riscv_dsp\libnmsis_dsp_rv32imafc_xxldsp.a
LOAD C:/Embedded_tools/NucleiStudio/toolchain/gcc/bin/../lib/gcc/riscv64-unknown-elf/13.1.1/../../../../riscv64-unknown-elf/lib/rv32imafc_xxldsp/ilp32f\libc_nano.a
LOAD C:/Embedded_tools/NucleiStudio/toolchain/gcc/bin/../lib/gcc/riscv64-unknown-elf/13.1.1/rv32imafc_xxldsp/ilp32f\libgcc.a
LOAD C:/Embedded_tools/NucleiStudio/toolchain/gcc/bin/../lib/gcc/riscv64-unknown-elf/13.1.1/../../../../riscv64-unknown-elf/lib/rv32imafc_xxldsp/ilp32f\libsemihost.a
END GROUP
LOAD C:/Embedded_tools/NucleiStudio/toolchain/gcc/bin/../lib/gcc/riscv64-unknown-elf/13.1.1/../../../../riscv64-unknown-elf/lib/rv32imafc_xxldsp/ilp32f\libstdc++.a
LOAD C:/Embedded_tools/NucleiStudio/toolchain/gcc/bin/../lib/gcc/riscv64-unknown-elf/13.1.1/../../../../riscv64-unknown-elf/lib/rv32imafc_xxldsp/ilp32f\libm.a
LOAD C:/Embedded_tools/NucleiStudio/toolchain/gcc/bin/../lib/gcc/riscv64-unknown-elf/13.1.1/rv32imafc_xxldsp/ilp32f\libgcc.a
START GROUP
LOAD C:/Embedded_tools/NucleiStudio/toolchain/gcc/bin/../lib/gcc/riscv64-unknown-elf/13.1.1/../../../../riscv64-unknown-elf/lib/rv32imafc_xxldsp/ilp32f\libc.a
LOAD C:/Embedded_tools/NucleiStudio/toolchain/gcc/bin/../lib/gcc/riscv64-unknown-elf/13.1.1/../../../../riscv64-unknown-elf/lib/rv32imafc_xxldsp/ilp32f\libgloss.a
END GROUP
LOAD C:/Embedded_tools/NucleiStudio/toolchain/gcc/bin/../lib/gcc/riscv64-unknown-elf/13.1.1/rv32imafc_xxldsp/ilp32f\libgcc.a
                0x00000800                        PROVIDE (__STACK_SIZE = 0x800)
                0x00005000                        PROVIDE (__HEAP_SIZE = 0x5000)
                0x00000001                        PROVIDE (__SMP_CPU_CNT = 0x1)
                0x00000800                        __TOT_STACK_SIZE = (__STACK_SIZE * __SMP_CPU_CNT)

.init           0x20000000      0x308
 *(.vtable)
 .vtable        0x20000000      0x1a8 ./galaxy_sdk/bsp/src/startup_riscv.o
                0x20000000                vector_base
 *(SORT_NONE(.init))
 *fill*         0x200001a8       0x18 
 .init          0x200001c0      0x146 ./galaxy_sdk/bsp/src/startup_riscv.o
                0x200001c0                _start
                0x200002a6                _start_premain
                0x20000300                early_exc_entry
                0x20000308                        . = ALIGN (0x4)
 *fill*         0x20000306        0x2 

.text           0x20000340    0xba118
 *(.text.unlikely .text.unlikely.*)
 *(.text.startup .text.startup.*)
 .text.startup.main
                0x20000340       0x5e ./galaxy_sdk/main.o
                0x20000340                main
 .text.startup.init_semihosting
                0x2000039e       0x50 C:/Embedded_tools/NucleiStudio/toolchain/gcc/bin/../lib/gcc/riscv64-unknown-elf/13.1.1/../../../../riscv64-unknown-elf/lib/rv32imafc_xxldsp/ilp32f\libsemihost.a(riscv_libsemihost_a-semihost-sys_fdtable.o)
                0x2000039e                init_semihosting
 *(.text .text.*)
 .text.hal_pdm_add_dev
                0x200003ee       0x16 ./galaxy_sdk/drivers/src/hal_pdm.o
                0x200003ee                hal_pdm_add_dev
 .text.hal_uart_put_char
                0x20000404       0x2a ./galaxy_sdk/drivers/src/hal_uart.o
                0x20000404                hal_uart_put_char
 *fill*         0x2000042e       0x12 
 .text.trap     0x20000440       0x7e ./galaxy_sdk/bsp/src/portasm.o
                0x20000440                exc_entry
 *fill*         0x200004be        0x2 
 .text.irq      0x200004c0      0x194 ./galaxy_sdk/bsp/src/portasm.o
                0x200004c0                irq_entry
                0x2000053a                default_intexc_handler
                0x20000540                prvPortStartFirstTask
                0x200005a4                eclic_msip_handler
 .text.task_init_app
                0x20000654       0x56 ./galaxy_sdk/main.o
 .text.task_sample
                0x200006aa       0x46 ./galaxy_sdk/main.o
 .text.prvTaskExitError
                0x200006f0       0x48 G:\VeriSilicon\VeriHealthi_QEMU_SDK.202405_preliminary\VeriHealthi_QEMU_SDK.202405_preliminary\VeriHealthi_QEMU_SDK_v3.1\VeriHealthi_QEMU_SDK\galaxy_sdk\bsp\lib\libbsp_riscv.a(port.c.o)
 .text.pxPortInitialiseStack
                0x20000738       0x24 G:\VeriSilicon\VeriHealthi_QEMU_SDK.202405_preliminary\VeriHealthi_QEMU_SDK.202405_preliminary\VeriHealthi_QEMU_SDK_v3.1\VeriHealthi_QEMU_SDK\galaxy_sdk\bsp\lib\libbsp_riscv.a(port.c.o)
                0x20000738                pxPortInitialiseStack
 .text.vPortEnterCritical
                0x2000075c       0x40 G:\VeriSilicon\VeriHealthi_QEMU_SDK.202405_preliminary\VeriHealthi_QEMU_SDK.202405_preliminary\VeriHealthi_QEMU_SDK_v3.1\VeriHealthi_QEMU_SDK\galaxy_sdk\bsp\lib\libbsp_riscv.a(port.c.o)
                0x2000075c                vPortEnterCritical
 .text.vPortExitCritical
                0x2000079c       0x36 G:\VeriSilicon\VeriHealthi_QEMU_SDK.202405_preliminary\VeriHealthi_QEMU_SDK.202405_preliminary\VeriHealthi_QEMU_SDK_v3.1\VeriHealthi_QEMU_SDK\galaxy_sdk\bsp\lib\libbsp_riscv.a(port.c.o)
                0x2000079c                vPortExitCritical
 .text.xPortTaskSwitch
                0x200007d2       0x64 G:\VeriSilicon\VeriHealthi_QEMU_SDK.202405_preliminary\VeriHealthi_QEMU_SDK.202405_preliminary\VeriHealthi_QEMU_SDK_v3.1\VeriHealthi_QEMU_SDK\galaxy_sdk\bsp\lib\libbsp_riscv.a(port.c.o)
                0x200007d2                xPortTaskSwitch
 .text.eclic_mtip_handler
                0x20000836      0x114 G:\VeriSilicon\VeriHealthi_QEMU_SDK.202405_preliminary\VeriHealthi_QEMU_SDK.202405_preliminary\VeriHealthi_QEMU_SDK_v3.1\VeriHealthi_QEMU_SDK\galaxy_sdk\bsp\lib\libbsp_riscv.a(port.c.o)
                0x20000836                eclic_mtip_handler
 .text.vPortSetupTimerInterrupt
                0x2000094a      0x1f4 G:\VeriSilicon\VeriHealthi_QEMU_SDK.202405_preliminary\VeriHealthi_QEMU_SDK.202405_preliminary\VeriHealthi_QEMU_SDK_v3.1\VeriHealthi_QEMU_SDK\galaxy_sdk\bsp\lib\libbsp_riscv.a(port.c.o)
                0x2000094a                vPortSetupTimerInterrupt
 .text.xPortStartScheduler
                0x20000b3e       0xfa G:\VeriSilicon\VeriHealthi_QEMU_SDK.202405_preliminary\VeriHealthi_QEMU_SDK.202405_preliminary\VeriHealthi_QEMU_SDK_v3.1\VeriHealthi_QEMU_SDK\galaxy_sdk\bsp\lib\libbsp_riscv.a(port.c.o)
                0x20000b3e                xPortStartScheduler
 .text.vPortValidateInterruptPriority
                0x20000c38       0x88 G:\VeriSilicon\VeriHealthi_QEMU_SDK.202405_preliminary\VeriHealthi_QEMU_SDK.202405_preliminary\VeriHealthi_QEMU_SDK_v3.1\VeriHealthi_QEMU_SDK\galaxy_sdk\bsp\lib\libbsp_riscv.a(port.c.o)
                0x20000c38                vPortValidateInterruptPriority
 .text.vApplicationIdleHook
                0x20000cc0        0x6 G:\VeriSilicon\VeriHealthi_QEMU_SDK.202405_preliminary\VeriHealthi_QEMU_SDK.202405_preliminary\VeriHealthi_QEMU_SDK_v3.1\VeriHealthi_QEMU_SDK\galaxy_sdk\bsp\lib\libbsp_riscv.a(port.c.o)
                0x20000cc0                vApplicationIdleHook
 .text.vApplicationStackOverflowHook
                0x20000cc6        0xc G:\VeriSilicon\VeriHealthi_QEMU_SDK.202405_preliminary\VeriHealthi_QEMU_SDK.202405_preliminary\VeriHealthi_QEMU_SDK_v3.1\VeriHealthi_QEMU_SDK\galaxy_sdk\bsp\lib\libbsp_riscv.a(port.c.o)
                0x20000cc6                vApplicationStackOverflowHook
 .text.vApplicationGetIdleTaskMemory
                0x20000cd2       0x14 G:\VeriSilicon\VeriHealthi_QEMU_SDK.202405_preliminary\VeriHealthi_QEMU_SDK.202405_preliminary\VeriHealthi_QEMU_SDK_v3.1\VeriHealthi_QEMU_SDK\galaxy_sdk\bsp\lib\libbsp_riscv.a(port.c.o)
                0x20000cd2                vApplicationGetIdleTaskMemory
 .text.vApplicationGetTimerTaskMemory
                0x20000ce6       0x18 G:\VeriSilicon\VeriHealthi_QEMU_SDK.202405_preliminary\VeriHealthi_QEMU_SDK.202405_preliminary\VeriHealthi_QEMU_SDK_v3.1\VeriHealthi_QEMU_SDK\galaxy_sdk\bsp\lib\libbsp_riscv.a(port.c.o)
                0x20000ce6                vApplicationGetTimerTaskMemory
 .text.vApplicationMallocFailedHook
                0x20000cfe        0xc G:\VeriSilicon\VeriHealthi_QEMU_SDK.202405_preliminary\VeriHealthi_QEMU_SDK.202405_preliminary\VeriHealthi_QEMU_SDK_v3.1\VeriHealthi_QEMU_SDK\galaxy_sdk\bsp\lib\libbsp_riscv.a(port.c.o)
                0x20000cfe                vApplicationMallocFailedHook
 .text.soc_init
                0x20000d0a        0xa G:\VeriSilicon\VeriHealthi_QEMU_SDK.202405_preliminary\VeriHealthi_QEMU_SDK.202405_preliminary\VeriHealthi_QEMU_SDK_v3.1\VeriHealthi_QEMU_SDK\galaxy_sdk\bsp\lib\libbsp_riscv.a(soc_init.c.o)
                0x20000d0a                soc_init
 .text.soc_rtc_clock_get_freq
                0x20000d14       0x18 G:\VeriSilicon\VeriHealthi_QEMU_SDK.202405_preliminary\VeriHealthi_QEMU_SDK.202405_preliminary\VeriHealthi_QEMU_SDK_v3.1\VeriHealthi_QEMU_SDK\galaxy_sdk\bsp\lib\libbsp_riscv.a(soc_sysctl.c.o)
                0x20000d14                soc_rtc_clock_get_freq
 .text.system_default_exception_handler
                0x20000d2c       0x64 G:\VeriSilicon\VeriHealthi_QEMU_SDK.202405_preliminary\VeriHealthi_QEMU_SDK.202405_preliminary\VeriHealthi_QEMU_SDK_v3.1\VeriHealthi_QEMU_SDK\galaxy_sdk\bsp\lib\libbsp_riscv.a(system_pegasus.c.o)
 .text.premain_system_init
                0x20000d90        0x2 G:\VeriSilicon\VeriHealthi_QEMU_SDK.202405_preliminary\VeriHealthi_QEMU_SDK.202405_preliminary\VeriHealthi_QEMU_SDK_v3.1\VeriHealthi_QEMU_SDK\galaxy_sdk\bsp\lib\libbsp_riscv.a(system_pegasus.c.o)
                0x20000d90                premain_system_init
 .text.core_exception_handler
                0x20000d92       0x56 G:\VeriSilicon\VeriHealthi_QEMU_SDK.202405_preliminary\VeriHealthi_QEMU_SDK.202405_preliminary\VeriHealthi_QEMU_SDK_v3.1\VeriHealthi_QEMU_SDK\galaxy_sdk\bsp\lib\libbsp_riscv.a(system_pegasus.c.o)
                0x20000d92                core_exception_handler
 .text._premain_init
                0x20000de8       0x60 G:\VeriSilicon\VeriHealthi_QEMU_SDK.202405_preliminary\VeriHealthi_QEMU_SDK.202405_preliminary\VeriHealthi_QEMU_SDK_v3.1\VeriHealthi_QEMU_SDK\galaxy_sdk\bsp\lib\libbsp_riscv.a(system_pegasus.c.o)
                0x20000de8                _premain_init
 .text._postmain_fini
                0x20000e48        0x2 G:\VeriSilicon\VeriHealthi_QEMU_SDK.202405_preliminary\VeriHealthi_QEMU_SDK.202405_preliminary\VeriHealthi_QEMU_SDK_v3.1\VeriHealthi_QEMU_SDK\galaxy_sdk\bsp\lib\libbsp_riscv.a(system_pegasus.c.o)
                0x20000e48                _postmain_fini
 .text._init    0x20000e4a        0x2 G:\VeriSilicon\VeriHealthi_QEMU_SDK.202405_preliminary\VeriHealthi_QEMU_SDK.202405_preliminary\VeriHealthi_QEMU_SDK_v3.1\VeriHealthi_QEMU_SDK\galaxy_sdk\bsp\lib\libbsp_riscv.a(system_pegasus.c.o)
                0x20000e4a                _init
 .text._fini    0x20000e4c        0x2 G:\VeriSilicon\VeriHealthi_QEMU_SDK.202405_preliminary\VeriHealthi_QEMU_SDK.202405_preliminary\VeriHealthi_QEMU_SDK_v3.1\VeriHealthi_QEMU_SDK\galaxy_sdk\bsp\lib\libbsp_riscv.a(system_pegasus.c.o)
                0x20000e4c                _fini
 .text.board_register
                0x20000e4e       0x12 G:\VeriSilicon\VeriHealthi_QEMU_SDK.202405_preliminary\VeriHealthi_QEMU_SDK.202405_preliminary\VeriHealthi_QEMU_SDK_v3.1\VeriHealthi_QEMU_SDK\galaxy_sdk\bsp\lib\libbsp_riscv.a(board.c.o)
                0x20000e4e                board_register
 .text.board_init
                0x20000e60       0x24 G:\VeriSilicon\VeriHealthi_QEMU_SDK.202405_preliminary\VeriHealthi_QEMU_SDK.202405_preliminary\VeriHealthi_QEMU_SDK_v3.1\VeriHealthi_QEMU_SDK\galaxy_sdk\bsp\lib\libbsp_riscv.a(board.c.o)
                0x20000e60                board_init
 .text.clk_get_rate
                0x20000e84       0x2c G:\VeriSilicon\VeriHealthi_QEMU_SDK.202405_preliminary\VeriHealthi_QEMU_SDK.202405_preliminary\VeriHealthi_QEMU_SDK_v3.1\VeriHealthi_QEMU_SDK\galaxy_sdk\drivers\lib\libdriver_riscv.a(clock.c.o)
                0x20000e84                clk_get_rate
 .text.pdm_deinit
                0x20000eb0       0x28 G:\VeriSilicon\VeriHealthi_QEMU_SDK.202405_preliminary\VeriHealthi_QEMU_SDK.202405_preliminary\VeriHealthi_QEMU_SDK_v3.1\VeriHealthi_QEMU_SDK\galaxy_sdk\drivers\lib\libdriver_riscv.a(pdm_simulator.c.o)
 .text.timer_handler
                0x20000ed8      0x106 G:\VeriSilicon\VeriHealthi_QEMU_SDK.202405_preliminary\VeriHealthi_QEMU_SDK.202405_preliminary\VeriHealthi_QEMU_SDK_v3.1\VeriHealthi_QEMU_SDK\galaxy_sdk\drivers\lib\libdriver_riscv.a(pdm_simulator.c.o)
 .text.pdm_init
                0x20000fde       0x58 G:\VeriSilicon\VeriHealthi_QEMU_SDK.202405_preliminary\VeriHealthi_QEMU_SDK.202405_preliminary\VeriHealthi_QEMU_SDK_v3.1\VeriHealthi_QEMU_SDK\galaxy_sdk\drivers\lib\libdriver_riscv.a(pdm_simulator.c.o)
 .text.pdm_stop
                0x20001036       0x70 G:\VeriSilicon\VeriHealthi_QEMU_SDK.202405_preliminary\VeriHealthi_QEMU_SDK.202405_preliminary\VeriHealthi_QEMU_SDK_v3.1\VeriHealthi_QEMU_SDK\galaxy_sdk\drivers\lib\libdriver_riscv.a(pdm_simulator.c.o)
 .text.pdm_start
                0x200010a6      0x184 G:\VeriSilicon\VeriHealthi_QEMU_SDK.202405_preliminary\VeriHealthi_QEMU_SDK.202405_preliminary\VeriHealthi_QEMU_SDK_v3.1\VeriHealthi_QEMU_SDK\galaxy_sdk\drivers\lib\libdriver_riscv.a(pdm_simulator.c.o)
 .text.pdm_simulator_device_init
                0x2000122a       0x66 G:\VeriSilicon\VeriHealthi_QEMU_SDK.202405_preliminary\VeriHealthi_QEMU_SDK.202405_preliminary\VeriHealthi_QEMU_SDK_v3.1\VeriHealthi_QEMU_SDK\galaxy_sdk\drivers\lib\libdriver_riscv.a(pdm_simulator.c.o)
                0x2000122a                pdm_simulator_device_init
 .text.print_inner
                0x20001290      0x172 G:\VeriSilicon\VeriHealthi_QEMU_SDK.202405_preliminary\VeriHealthi_QEMU_SDK.202405_preliminary\VeriHealthi_QEMU_SDK_v3.1\VeriHealthi_QEMU_SDK\galaxy_sdk\modules\lib\libcommon_riscv.a(uart_printf.c.o)
                0x20001290                print_inner
 .text.osal_create_task
                0x20001402       0x50 G:\VeriSilicon\VeriHealthi_QEMU_SDK.202405_preliminary\VeriHealthi_QEMU_SDK.202405_preliminary\VeriHealthi_QEMU_SDK_v3.1\VeriHealthi_QEMU_SDK\galaxy_sdk\osal\lib\libosal_riscv.a(osal_task.c.o)
                0x20001402                osal_create_task
 .text.osal_delete_task
                0x20001452        0x2 G:\VeriSilicon\VeriHealthi_QEMU_SDK.202405_preliminary\VeriHealthi_QEMU_SDK.202405_preliminary\VeriHealthi_QEMU_SDK_v3.1\VeriHealthi_QEMU_SDK\galaxy_sdk\osal\lib\libosal_riscv.a(osal_task.c.o)
                0x20001452                osal_delete_task
 .text.osal_start_scheduler
                0x20001454        0x4 G:\VeriSilicon\VeriHealthi_QEMU_SDK.202405_preliminary\VeriHealthi_QEMU_SDK.202405_preliminary\VeriHealthi_QEMU_SDK_v3.1\VeriHealthi_QEMU_SDK\galaxy_sdk\osal\lib\libosal_riscv.a(osal_task.c.o)
                0x20001454                osal_start_scheduler
 .text.osal_sleep
                0x20001458       0x1a G:\VeriSilicon\VeriHealthi_QEMU_SDK.202405_preliminary\VeriHealthi_QEMU_SDK.202405_preliminary\VeriHealthi_QEMU_SDK_v3.1\VeriHealthi_QEMU_SDK\galaxy_sdk\osal\lib\libosal_riscv.a(osal_task.c.o)
                0x20001458                osal_sleep
 .text.osal_ms_to_tick
                0x20001472       0x1c G:\VeriSilicon\VeriHealthi_QEMU_SDK.202405_preliminary\VeriHealthi_QEMU_SDK.202405_preliminary\VeriHealthi_QEMU_SDK_v3.1\VeriHealthi_QEMU_SDK\galaxy_sdk\osal\lib\libosal_riscv.a(osal_time.c.o)
                0x20001472                osal_ms_to_tick
 .text.osal_malloc
                0x2000148e       0x12 G:\VeriSilicon\VeriHealthi_QEMU_SDK.202405_preliminary\VeriHealthi_QEMU_SDK.202405_preliminary\VeriHealthi_QEMU_SDK_v3.1\VeriHealthi_QEMU_SDK\galaxy_sdk\osal\lib\libosal_riscv.a(osal_heap.c.o)
                0x2000148e                osal_malloc
 .text.osal_free
                0x200014a0       0x10 G:\VeriSilicon\VeriHealthi_QEMU_SDK.202405_preliminary\VeriHealthi_QEMU_SDK.202405_preliminary\VeriHealthi_QEMU_SDK_v3.1\VeriHealthi_QEMU_SDK\galaxy_sdk\osal\lib\libosal_riscv.a(osal_heap.c.o)
                0x200014a0                osal_free
 .text.prvAddNewTaskToReadyList
                0x200014b0      0x170 G:\VeriSilicon\VeriHealthi_QEMU_SDK.202405_preliminary\VeriHealthi_QEMU_SDK.202405_preliminary\VeriHealthi_QEMU_SDK_v3.1\VeriHealthi_QEMU_SDK\galaxy_sdk\os\lib\libos_riscv.a(tasks.c.o)
 .text.prvAddCurrentTaskToDelayedList
                0x20001620       0xe0 G:\VeriSilicon\VeriHealthi_QEMU_SDK.202405_preliminary\VeriHealthi_QEMU_SDK.202405_preliminary\VeriHealthi_QEMU_SDK_v3.1\VeriHealthi_QEMU_SDK\galaxy_sdk\os\lib\libos_riscv.a(tasks.c.o)
 .text.prvInitialiseNewTask.constprop.0
                0x20001700       0xdc G:\VeriSilicon\VeriHealthi_QEMU_SDK.202405_preliminary\VeriHealthi_QEMU_SDK.202405_preliminary\VeriHealthi_QEMU_SDK_v3.1\VeriHealthi_QEMU_SDK\galaxy_sdk\os\lib\libos_riscv.a(tasks.c.o)
 .text.prvIdleTask
                0x200017dc       0xd6 G:\VeriSilicon\VeriHealthi_QEMU_SDK.202405_preliminary\VeriHealthi_QEMU_SDK.202405_preliminary\VeriHealthi_QEMU_SDK_v3.1\VeriHealthi_QEMU_SDK\galaxy_sdk\os\lib\libos_riscv.a(tasks.c.o)
 .text.xTaskCreateStatic
                0x200018b2       0x7a G:\VeriSilicon\VeriHealthi_QEMU_SDK.202405_preliminary\VeriHealthi_QEMU_SDK.202405_preliminary\VeriHealthi_QEMU_SDK_v3.1\VeriHealthi_QEMU_SDK\galaxy_sdk\os\lib\libos_riscv.a(tasks.c.o)
                0x200018b2                xTaskCreateStatic
 .text.xTaskCreate
                0x2000192c       0x78 G:\VeriSilicon\VeriHealthi_QEMU_SDK.202405_preliminary\VeriHealthi_QEMU_SDK.202405_preliminary\VeriHealthi_QEMU_SDK_v3.1\VeriHealthi_QEMU_SDK\galaxy_sdk\os\lib\libos_riscv.a(tasks.c.o)
                0x2000192c                xTaskCreate
 .text.vTaskDelete
                0x200019a4      0x148 G:\VeriSilicon\VeriHealthi_QEMU_SDK.202405_preliminary\VeriHealthi_QEMU_SDK.202405_preliminary\VeriHealthi_QEMU_SDK_v3.1\VeriHealthi_QEMU_SDK\galaxy_sdk\os\lib\libos_riscv.a(tasks.c.o)
                0x200019a4                vTaskDelete
 .text.eTaskGetState
                0x20001aec       0xc4 G:\VeriSilicon\VeriHealthi_QEMU_SDK.202405_preliminary\VeriHealthi_QEMU_SDK.202405_preliminary\VeriHealthi_QEMU_SDK_v3.1\VeriHealthi_QEMU_SDK\galaxy_sdk\os\lib\libos_riscv.a(tasks.c.o)
                0x20001aec                eTaskGetState
 .text.vTaskStartScheduler
                0x20001bb0       0x9e G:\VeriSilicon\VeriHealthi_QEMU_SDK.202405_preliminary\VeriHealthi_QEMU_SDK.202405_preliminary\VeriHealthi_QEMU_SDK_v3.1\VeriHealthi_QEMU_SDK\galaxy_sdk\os\lib\libos_riscv.a(tasks.c.o)
                0x20001bb0                vTaskStartScheduler
 .text.vTaskSuspendAll
                0x20001c4e       0x10 G:\VeriSilicon\VeriHealthi_QEMU_SDK.202405_preliminary\VeriHealthi_QEMU_SDK.202405_preliminary\VeriHealthi_QEMU_SDK_v3.1\VeriHealthi_QEMU_SDK\galaxy_sdk\os\lib\libos_riscv.a(tasks.c.o)
                0x20001c4e                vTaskSuspendAll
 .text.xTaskGetTickCount
                0x20001c5e       0x20 G:\VeriSilicon\VeriHealthi_QEMU_SDK.202405_preliminary\VeriHealthi_QEMU_SDK.202405_preliminary\VeriHealthi_QEMU_SDK_v3.1\VeriHealthi_QEMU_SDK\galaxy_sdk\os\lib\libos_riscv.a(tasks.c.o)
                0x20001c5e                xTaskGetTickCount
 .text.xTaskGetTickCountFromISR
                0x20001c7e       0x3a G:\VeriSilicon\VeriHealthi_QEMU_SDK.202405_preliminary\VeriHealthi_QEMU_SDK.202405_preliminary\VeriHealthi_QEMU_SDK_v3.1\VeriHealthi_QEMU_SDK\galaxy_sdk\os\lib\libos_riscv.a(tasks.c.o)
                0x20001c7e                xTaskGetTickCountFromISR
 .text.uxTaskGetNumberOfTasks
                0x20001cb8        0xa G:\VeriSilicon\VeriHealthi_QEMU_SDK.202405_preliminary\VeriHealthi_QEMU_SDK.202405_preliminary\VeriHealthi_QEMU_SDK_v3.1\VeriHealthi_QEMU_SDK\galaxy_sdk\os\lib\libos_riscv.a(tasks.c.o)
                0x20001cb8                uxTaskGetNumberOfTasks
 .text.pcTaskGetName
                0x20001cc2       0x28 G:\VeriSilicon\VeriHealthi_QEMU_SDK.202405_preliminary\VeriHealthi_QEMU_SDK.202405_preliminary\VeriHealthi_QEMU_SDK_v3.1\VeriHealthi_QEMU_SDK\galaxy_sdk\os\lib\libos_riscv.a(tasks.c.o)
                0x20001cc2                pcTaskGetName
 .text.xTaskIncrementTick
                0x20001cea      0x1b6 G:\VeriSilicon\VeriHealthi_QEMU_SDK.202405_preliminary\VeriHealthi_QEMU_SDK.202405_preliminary\VeriHealthi_QEMU_SDK_v3.1\VeriHealthi_QEMU_SDK\galaxy_sdk\os\lib\libos_riscv.a(tasks.c.o)
                0x20001cea                xTaskIncrementTick
 .text.xTaskResumeAll.part.0
                0x20001ea0      0x152 G:\VeriSilicon\VeriHealthi_QEMU_SDK.202405_preliminary\VeriHealthi_QEMU_SDK.202405_preliminary\VeriHealthi_QEMU_SDK_v3.1\VeriHealthi_QEMU_SDK\galaxy_sdk\os\lib\libos_riscv.a(tasks.c.o)
 .text.xTaskResumeAll
                0x20001ff2       0x22 G:\VeriSilicon\VeriHealthi_QEMU_SDK.202405_preliminary\VeriHealthi_QEMU_SDK.202405_preliminary\VeriHealthi_QEMU_SDK_v3.1\VeriHealthi_QEMU_SDK\galaxy_sdk\os\lib\libos_riscv.a(tasks.c.o)
                0x20001ff2                xTaskResumeAll
 .text.vTaskDelay
                0x20002014       0xba G:\VeriSilicon\VeriHealthi_QEMU_SDK.202405_preliminary\VeriHealthi_QEMU_SDK.202405_preliminary\VeriHealthi_QEMU_SDK_v3.1\VeriHealthi_QEMU_SDK\galaxy_sdk\os\lib\libos_riscv.a(tasks.c.o)
                0x20002014                vTaskDelay
 .text.vTaskSwitchContext
                0x200020ce       0xf2 G:\VeriSilicon\VeriHealthi_QEMU_SDK.202405_preliminary\VeriHealthi_QEMU_SDK.202405_preliminary\VeriHealthi_QEMU_SDK_v3.1\VeriHealthi_QEMU_SDK\galaxy_sdk\os\lib\libos_riscv.a(tasks.c.o)
                0x200020ce                vTaskSwitchContext
 .text.vTaskPlaceOnEventList
                0x200021c0       0x3a G:\VeriSilicon\VeriHealthi_QEMU_SDK.202405_preliminary\VeriHealthi_QEMU_SDK.202405_preliminary\VeriHealthi_QEMU_SDK_v3.1\VeriHealthi_QEMU_SDK\galaxy_sdk\os\lib\libos_riscv.a(tasks.c.o)
                0x200021c0                vTaskPlaceOnEventList
 .text.vTaskPlaceOnEventListRestricted
                0x200021fa       0x44 G:\VeriSilicon\VeriHealthi_QEMU_SDK.202405_preliminary\VeriHealthi_QEMU_SDK.202405_preliminary\VeriHealthi_QEMU_SDK_v3.1\VeriHealthi_QEMU_SDK\galaxy_sdk\os\lib\libos_riscv.a(tasks.c.o)
                0x200021fa                vTaskPlaceOnEventListRestricted
 .text.xTaskRemoveFromEventList
                0x2000223e       0x96 G:\VeriSilicon\VeriHealthi_QEMU_SDK.202405_preliminary\VeriHealthi_QEMU_SDK.202405_preliminary\VeriHealthi_QEMU_SDK_v3.1\VeriHealthi_QEMU_SDK\galaxy_sdk\os\lib\libos_riscv.a(tasks.c.o)
                0x2000223e                xTaskRemoveFromEventList
 .text.vTaskInternalSetTimeOutState
                0x200022d4       0x16 G:\VeriSilicon\VeriHealthi_QEMU_SDK.202405_preliminary\VeriHealthi_QEMU_SDK.202405_preliminary\VeriHealthi_QEMU_SDK_v3.1\VeriHealthi_QEMU_SDK\galaxy_sdk\os\lib\libos_riscv.a(tasks.c.o)
                0x200022d4                vTaskInternalSetTimeOutState
 .text.xTaskCheckForTimeOut
                0x200022ea       0x9a G:\VeriSilicon\VeriHealthi_QEMU_SDK.202405_preliminary\VeriHealthi_QEMU_SDK.202405_preliminary\VeriHealthi_QEMU_SDK_v3.1\VeriHealthi_QEMU_SDK\galaxy_sdk\os\lib\libos_riscv.a(tasks.c.o)
                0x200022ea                xTaskCheckForTimeOut
 .text.vTaskMissedYield
                0x20002384        0xc G:\VeriSilicon\VeriHealthi_QEMU_SDK.202405_preliminary\VeriHealthi_QEMU_SDK.202405_preliminary\VeriHealthi_QEMU_SDK_v3.1\VeriHealthi_QEMU_SDK\galaxy_sdk\os\lib\libos_riscv.a(tasks.c.o)
                0x20002384                vTaskMissedYield
 .text.vTaskGetInfo
                0x20002390       0xea G:\VeriSilicon\VeriHealthi_QEMU_SDK.202405_preliminary\VeriHealthi_QEMU_SDK.202405_preliminary\VeriHealthi_QEMU_SDK_v3.1\VeriHealthi_QEMU_SDK\galaxy_sdk\os\lib\libos_riscv.a(tasks.c.o)
                0x20002390                vTaskGetInfo
 .text.prvListTasksWithinSingleList.part.0
                0x2000247a       0x82 G:\VeriSilicon\VeriHealthi_QEMU_SDK.202405_preliminary\VeriHealthi_QEMU_SDK.202405_preliminary\VeriHealthi_QEMU_SDK_v3.1\VeriHealthi_QEMU_SDK\galaxy_sdk\os\lib\libos_riscv.a(tasks.c.o)
 .text.uxTaskGetSystemState
                0x200024fc      0x12a G:\VeriSilicon\VeriHealthi_QEMU_SDK.202405_preliminary\VeriHealthi_QEMU_SDK.202405_preliminary\VeriHealthi_QEMU_SDK_v3.1\VeriHealthi_QEMU_SDK\galaxy_sdk\os\lib\libos_riscv.a(tasks.c.o)
                0x200024fc                uxTaskGetSystemState
 .text.xTaskGetSchedulerState
                0x20002626       0x1c G:\VeriSilicon\VeriHealthi_QEMU_SDK.202405_preliminary\VeriHealthi_QEMU_SDK.202405_preliminary\VeriHealthi_QEMU_SDK_v3.1\VeriHealthi_QEMU_SDK\galaxy_sdk\os\lib\libos_riscv.a(tasks.c.o)
                0x20002626                xTaskGetSchedulerState
 .text.xTaskPriorityDisinherit
                0x20002642       0x9c G:\VeriSilicon\VeriHealthi_QEMU_SDK.202405_preliminary\VeriHealthi_QEMU_SDK.202405_preliminary\VeriHealthi_QEMU_SDK_v3.1\VeriHealthi_QEMU_SDK\galaxy_sdk\os\lib\libos_riscv.a(tasks.c.o)
                0x20002642                xTaskPriorityDisinherit
 .text.vListInitialise
                0x200026de       0x14 G:\VeriSilicon\VeriHealthi_QEMU_SDK.202405_preliminary\VeriHealthi_QEMU_SDK.202405_preliminary\VeriHealthi_QEMU_SDK_v3.1\VeriHealthi_QEMU_SDK\galaxy_sdk\os\lib\libos_riscv.a(list.c.o)
                0x200026de                vListInitialise
 .text.vListInitialiseItem
                0x200026f2        0x6 G:\VeriSilicon\VeriHealthi_QEMU_SDK.202405_preliminary\VeriHealthi_QEMU_SDK.202405_preliminary\VeriHealthi_QEMU_SDK_v3.1\VeriHealthi_QEMU_SDK\galaxy_sdk\os\lib\libos_riscv.a(list.c.o)
                0x200026f2                vListInitialiseItem
 .text.vListInsertEnd
                0x200026f8       0x16 G:\VeriSilicon\VeriHealthi_QEMU_SDK.202405_preliminary\VeriHealthi_QEMU_SDK.202405_preliminary\VeriHealthi_QEMU_SDK_v3.1\VeriHealthi_QEMU_SDK\galaxy_sdk\os\lib\libos_riscv.a(list.c.o)
                0x200026f8                vListInsertEnd
 .text.vListInsert
                0x2000270e       0x2e G:\VeriSilicon\VeriHealthi_QEMU_SDK.202405_preliminary\VeriHealthi_QEMU_SDK.202405_preliminary\VeriHealthi_QEMU_SDK_v3.1\VeriHealthi_QEMU_SDK\galaxy_sdk\os\lib\libos_riscv.a(list.c.o)
                0x2000270e                vListInsert
 .text.uxListRemove
                0x2000273c       0x2e G:\VeriSilicon\VeriHealthi_QEMU_SDK.202405_preliminary\VeriHealthi_QEMU_SDK.202405_preliminary\VeriHealthi_QEMU_SDK_v3.1\VeriHealthi_QEMU_SDK\galaxy_sdk\os\lib\libos_riscv.a(list.c.o)
                0x2000273c                uxListRemove
 .text.prvCheckForValidListAndQueue
                0x2000276a       0x7a G:\VeriSilicon\VeriHealthi_QEMU_SDK.202405_preliminary\VeriHealthi_QEMU_SDK.202405_preliminary\VeriHealthi_QEMU_SDK_v3.1\VeriHealthi_QEMU_SDK\galaxy_sdk\os\lib\libos_riscv.a(timers.c.o)
 .text.xTimerCreateTimerTask
                0x200027e4       0x64 G:\VeriSilicon\VeriHealthi_QEMU_SDK.202405_preliminary\VeriHealthi_QEMU_SDK.202405_preliminary\VeriHealthi_QEMU_SDK_v3.1\VeriHealthi_QEMU_SDK\galaxy_sdk\os\lib\libos_riscv.a(timers.c.o)
                0x200027e4                xTimerCreateTimerTask
 .text.xTimerCreate
                0x20002848       0x7a G:\VeriSilicon\VeriHealthi_QEMU_SDK.202405_preliminary\VeriHealthi_QEMU_SDK.202405_preliminary\VeriHealthi_QEMU_SDK_v3.1\VeriHealthi_QEMU_SDK\galaxy_sdk\os\lib\libos_riscv.a(timers.c.o)
                0x20002848                xTimerCreate
 .text.xTimerGenericCommand
                0x200028c2       0x82 G:\VeriSilicon\VeriHealthi_QEMU_SDK.202405_preliminary\VeriHealthi_QEMU_SDK.202405_preliminary\VeriHealthi_QEMU_SDK_v3.1\VeriHealthi_QEMU_SDK\galaxy_sdk\os\lib\libos_riscv.a(timers.c.o)
                0x200028c2                xTimerGenericCommand
 .text.prvSwitchTimerLists
                0x20002944       0x90 G:\VeriSilicon\VeriHealthi_QEMU_SDK.202405_preliminary\VeriHealthi_QEMU_SDK.202405_preliminary\VeriHealthi_QEMU_SDK_v3.1\VeriHealthi_QEMU_SDK\galaxy_sdk\os\lib\libos_riscv.a(timers.c.o)
 .text.prvTimerTask
                0x200029d4      0x2b0 G:\VeriSilicon\VeriHealthi_QEMU_SDK.202405_preliminary\VeriHealthi_QEMU_SDK.202405_preliminary\VeriHealthi_QEMU_SDK_v3.1\VeriHealthi_QEMU_SDK\galaxy_sdk\os\lib\libos_riscv.a(timers.c.o)
 .text.pcTimerGetName
                0x20002c84       0x1c G:\VeriSilicon\VeriHealthi_QEMU_SDK.202405_preliminary\VeriHealthi_QEMU_SDK.202405_preliminary\VeriHealthi_QEMU_SDK_v3.1\VeriHealthi_QEMU_SDK\galaxy_sdk\os\lib\libos_riscv.a(timers.c.o)
                0x20002c84                pcTimerGetName
 .text.pvTimerGetTimerID
                0x20002ca0       0x34 G:\VeriSilicon\VeriHealthi_QEMU_SDK.202405_preliminary\VeriHealthi_QEMU_SDK.202405_preliminary\VeriHealthi_QEMU_SDK_v3.1\VeriHealthi_QEMU_SDK\galaxy_sdk\os\lib\libos_riscv.a(timers.c.o)
                0x20002ca0                pvTimerGetTimerID
 .text.vTimerSetTimerID
                0x20002cd4       0x36 G:\VeriSilicon\VeriHealthi_QEMU_SDK.202405_preliminary\VeriHealthi_QEMU_SDK.202405_preliminary\VeriHealthi_QEMU_SDK_v3.1\VeriHealthi_QEMU_SDK\galaxy_sdk\os\lib\libos_riscv.a(timers.c.o)
                0x20002cd4                vTimerSetTimerID
 .text.prvInsertBlockIntoFreeList
                0x20002d0a       0x62 G:\VeriSilicon\VeriHealthi_QEMU_SDK.202405_preliminary\VeriHealthi_QEMU_SDK.202405_preliminary\VeriHealthi_QEMU_SDK_v3.1\VeriHealthi_QEMU_SDK\galaxy_sdk\os\lib\libos_riscv.a(heap_4.c.o)
 .text.pvPortMalloc
                0x20002d6c      0x19e G:\VeriSilicon\VeriHealthi_QEMU_SDK.202405_preliminary\VeriHealthi_QEMU_SDK.202405_preliminary\VeriHealthi_QEMU_SDK_v3.1\VeriHealthi_QEMU_SDK\galaxy_sdk\os\lib\libos_riscv.a(heap_4.c.o)
                0x20002d6c                pvPortMalloc
 .text.vPortFree
                0x20002f0a       0x8a G:\VeriSilicon\VeriHealthi_QEMU_SDK.202405_preliminary\VeriHealthi_QEMU_SDK.202405_preliminary\VeriHealthi_QEMU_SDK_v3.1\VeriHealthi_QEMU_SDK\galaxy_sdk\os\lib\libos_riscv.a(heap_4.c.o)
                0x20002f0a                vPortFree
 .text.xPortGetFreeHeapSize
                0x20002f94        0xa G:\VeriSilicon\VeriHealthi_QEMU_SDK.202405_preliminary\VeriHealthi_QEMU_SDK.202405_preliminary\VeriHealthi_QEMU_SDK_v3.1\VeriHealthi_QEMU_SDK\galaxy_sdk\os\lib\libos_riscv.a(heap_4.c.o)
                0x20002f94                xPortGetFreeHeapSize
 .text.prvCopyDataToQueue
                0x20002f9e       0xa0 G:\VeriSilicon\VeriHealthi_QEMU_SDK.202405_preliminary\VeriHealthi_QEMU_SDK.202405_preliminary\VeriHealthi_QEMU_SDK_v3.1\VeriHealthi_QEMU_SDK\galaxy_sdk\os\lib\libos_riscv.a(queue.c.o)
 .text.prvNotifyQueueSetContainer
                0x2000303e       0xb8 G:\VeriSilicon\VeriHealthi_QEMU_SDK.202405_preliminary\VeriHealthi_QEMU_SDK.202405_preliminary\VeriHealthi_QEMU_SDK_v3.1\VeriHealthi_QEMU_SDK\galaxy_sdk\os\lib\libos_riscv.a(queue.c.o)
 .text.prvUnlockQueue
                0x200030f6       0xc4 G:\VeriSilicon\VeriHealthi_QEMU_SDK.202405_preliminary\VeriHealthi_QEMU_SDK.202405_preliminary\VeriHealthi_QEMU_SDK_v3.1\VeriHealthi_QEMU_SDK\galaxy_sdk\os\lib\libos_riscv.a(queue.c.o)
 .text.xQueueGenericReset
                0x200031ba       0xbc G:\VeriSilicon\VeriHealthi_QEMU_SDK.202405_preliminary\VeriHealthi_QEMU_SDK.202405_preliminary\VeriHealthi_QEMU_SDK_v3.1\VeriHealthi_QEMU_SDK\galaxy_sdk\os\lib\libos_riscv.a(queue.c.o)
                0x200031ba                xQueueGenericReset
 .text.xQueueGenericCreateStatic
                0x20003276       0xc6 G:\VeriSilicon\VeriHealthi_QEMU_SDK.202405_preliminary\VeriHealthi_QEMU_SDK.202405_preliminary\VeriHealthi_QEMU_SDK_v3.1\VeriHealthi_QEMU_SDK\galaxy_sdk\os\lib\libos_riscv.a(queue.c.o)
                0x20003276                xQueueGenericCreateStatic
 .text.xQueueGenericSend
                0x2000333c      0x21c G:\VeriSilicon\VeriHealthi_QEMU_SDK.202405_preliminary\VeriHealthi_QEMU_SDK.202405_preliminary\VeriHealthi_QEMU_SDK_v3.1\VeriHealthi_QEMU_SDK\galaxy_sdk\os\lib\libos_riscv.a(queue.c.o)
                0x2000333c                xQueueGenericSend
 .text.xQueueGenericSendFromISR
                0x20003558      0x13c G:\VeriSilicon\VeriHealthi_QEMU_SDK.202405_preliminary\VeriHealthi_QEMU_SDK.202405_preliminary\VeriHealthi_QEMU_SDK_v3.1\VeriHealthi_QEMU_SDK\galaxy_sdk\os\lib\libos_riscv.a(queue.c.o)
                0x20003558                xQueueGenericSendFromISR
 .text.xQueueReceive
                0x20003694      0x1cc G:\VeriSilicon\VeriHealthi_QEMU_SDK.202405_preliminary\VeriHealthi_QEMU_SDK.202405_preliminary\VeriHealthi_QEMU_SDK_v3.1\VeriHealthi_QEMU_SDK\galaxy_sdk\os\lib\libos_riscv.a(queue.c.o)
                0x20003694                xQueueReceive
 .text.vQueueWaitForMessageRestricted
                0x20003860       0x6c G:\VeriSilicon\VeriHealthi_QEMU_SDK.202405_preliminary\VeriHealthi_QEMU_SDK.202405_preliminary\VeriHealthi_QEMU_SDK_v3.1\VeriHealthi_QEMU_SDK\galaxy_sdk\os\lib\libos_riscv.a(queue.c.o)
                0x20003860                vQueueWaitForMessageRestricted
 .text.atexit   0x200038cc        0xa C:/Embedded_tools/NucleiStudio/toolchain/gcc/bin/../lib/gcc/riscv64-unknown-elf/13.1.1/../../../../riscv64-unknown-elf/lib/rv32imafc_xxldsp/ilp32f\libc_nano.a(libc_a-atexit.o)
                0x200038cc                atexit
 .text.malloc   0x200038d6        0x8 C:/Embedded_tools/NucleiStudio/toolchain/gcc/bin/../lib/gcc/riscv64-unknown-elf/13.1.1/../../../../riscv64-unknown-elf/lib/rv32imafc_xxldsp/ilp32f\libc_nano.a(libc_a-malloc.o)
                0x200038d6                malloc
 .text.free     0x200038de        0x8 C:/Embedded_tools/NucleiStudio/toolchain/gcc/bin/../lib/gcc/riscv64-unknown-elf/13.1.1/../../../../riscv64-unknown-elf/lib/rv32imafc_xxldsp/ilp32f\libc_nano.a(libc_a-malloc.o)
                0x200038de                free
 .text.sbrk_aligned
                0x200038e6       0x58 C:/Embedded_tools/NucleiStudio/toolchain/gcc/bin/../lib/gcc/riscv64-unknown-elf/13.1.1/../../../../riscv64-unknown-elf/lib/rv32imafc_xxldsp/ilp32f\libc_nano.a(libc_a-mallocr.o)
 .text._malloc_r
                0x2000393e      0x11c C:/Embedded_tools/NucleiStudio/toolchain/gcc/bin/../lib/gcc/riscv64-unknown-elf/13.1.1/../../../../riscv64-unknown-elf/lib/rv32imafc_xxldsp/ilp32f\libc_nano.a(libc_a-mallocr.o)
                0x2000393e                _malloc_r
 .text.__malloc_lock
                0x20003a5a        0xa C:/Embedded_tools/NucleiStudio/toolchain/gcc/bin/../lib/gcc/riscv64-unknown-elf/13.1.1/../../../../riscv64-unknown-elf/lib/rv32imafc_xxldsp/ilp32f\libc_nano.a(libc_a-mlock.o)
                0x20003a5a                __malloc_lock
 .text.__malloc_unlock
                0x20003a64        0xa C:/Embedded_tools/NucleiStudio/toolchain/gcc/bin/../lib/gcc/riscv64-unknown-elf/13.1.1/../../../../riscv64-unknown-elf/lib/rv32imafc_xxldsp/ilp32f\libc_nano.a(libc_a-mlock.o)
                0x20003a64                __malloc_unlock
 .text.printf   0x20003a6e       0x2a C:/Embedded_tools/NucleiStudio/toolchain/gcc/bin/../lib/gcc/riscv64-unknown-elf/13.1.1/../../../../riscv64-unknown-elf/lib/rv32imafc_xxldsp/ilp32f\libc_nano.a(libc_a-printf.o)
                0x20003a6e                iprintf
                0x20003a6e                printf
 .text.snprintf
                0x20003a98       0x74 C:/Embedded_tools/NucleiStudio/toolchain/gcc/bin/../lib/gcc/riscv64-unknown-elf/13.1.1/../../../../riscv64-unknown-elf/lib/rv32imafc_xxldsp/ilp32f\libc_nano.a(libc_a-snprintf.o)
                0x20003a98                sniprintf
                0x20003a98                snprintf
 .text.vprintf  0x20003b0c        0xe C:/Embedded_tools/NucleiStudio/toolchain/gcc/bin/../lib/gcc/riscv64-unknown-elf/13.1.1/../../../../riscv64-unknown-elf/lib/rv32imafc_xxldsp/ilp32f\libc_nano.a(libc_a-vprintf.o)
                0x20003b0c                viprintf
                0x20003b0c                vprintf
 .text.strnlen  0x20003b1a       0x18 C:/Embedded_tools/NucleiStudio/toolchain/gcc/bin/../lib/gcc/riscv64-unknown-elf/13.1.1/../../../../riscv64-unknown-elf/lib/rv32imafc_xxldsp/ilp32f\libc_nano.a(libc_a-strnlen.o)
                0x20003b1a                strnlen
 .text._sbrk_r  0x20003b32       0x30 C:/Embedded_tools/NucleiStudio/toolchain/gcc/bin/../lib/gcc/riscv64-unknown-elf/13.1.1/../../../../riscv64-unknown-elf/lib/rv32imafc_xxldsp/ilp32f\libc_nano.a(libc_a-sbrkr.o)
                0x20003b32                _sbrk_r
 .text.__libc_init_array
                0x20003b62       0x5e C:/Embedded_tools/NucleiStudio/toolchain/gcc/bin/../lib/gcc/riscv64-unknown-elf/13.1.1/../../../../riscv64-unknown-elf/lib/rv32imafc_xxldsp/ilp32f\libc_nano.a(libc_a-init.o)
                0x20003b62                __libc_init_array
 .text.__libc_fini_array
                0x20003bc0       0x36 C:/Embedded_tools/NucleiStudio/toolchain/gcc/bin/../lib/gcc/riscv64-unknown-elf/13.1.1/../../../../riscv64-unknown-elf/lib/rv32imafc_xxldsp/ilp32f\libc_nano.a(libc_a-fini.o)
                0x20003bc0                __libc_fini_array
 .text.__retarget_lock_init_recursive
                0x20003bf6        0x2 C:/Embedded_tools/NucleiStudio/toolchain/gcc/bin/../lib/gcc/riscv64-unknown-elf/13.1.1/../../../../riscv64-unknown-elf/lib/rv32imafc_xxldsp/ilp32f\libc_nano.a(libc_a-lock.o)
                0x20003bf6                __retarget_lock_init_recursive
 .text.__retarget_lock_acquire_recursive
                0x20003bf8        0x2 C:/Embedded_tools/NucleiStudio/toolchain/gcc/bin/../lib/gcc/riscv64-unknown-elf/13.1.1/../../../../riscv64-unknown-elf/lib/rv32imafc_xxldsp/ilp32f\libc_nano.a(libc_a-lock.o)
                0x20003bf8                __retarget_lock_acquire_recursive
 .text.__retarget_lock_release_recursive
                0x20003bfa        0x2 C:/Embedded_tools/NucleiStudio/toolchain/gcc/bin/../lib/gcc/riscv64-unknown-elf/13.1.1/../../../../riscv64-unknown-elf/lib/rv32imafc_xxldsp/ilp32f\libc_nano.a(libc_a-lock.o)
                0x20003bfa                __retarget_lock_release_recursive
 .text          0x20003bfc       0xa8 C:/Embedded_tools/NucleiStudio/toolchain/gcc/bin/../lib/gcc/riscv64-unknown-elf/13.1.1/../../../../riscv64-unknown-elf/lib/rv32imafc_xxldsp/ilp32f\libc_nano.a(libc_a-memset.o)
                0x20003bfc                memset
 .text.memcpy   0x20003ca4       0xe8 C:/Embedded_tools/NucleiStudio/toolchain/gcc/bin/../lib/gcc/riscv64-unknown-elf/13.1.1/../../../../riscv64-unknown-elf/lib/rv32imafc_xxldsp/ilp32f\libc_nano.a(libc_a-memcpy.o)
                0x20003ca4                memcpy
 .text.strlen   0x20003d8c       0x12 C:/Embedded_tools/NucleiStudio/toolchain/gcc/bin/../lib/gcc/riscv64-unknown-elf/13.1.1/../../../../riscv64-unknown-elf/lib/rv32imafc_xxldsp/ilp32f\libc_nano.a(libc_a-strlen.o)
                0x20003d8c                strlen
 .text.__register_exitproc
                0x20003d9e       0xb6 C:/Embedded_tools/NucleiStudio/toolchain/gcc/bin/../lib/gcc/riscv64-unknown-elf/13.1.1/../../../../riscv64-unknown-elf/lib/rv32imafc_xxldsp/ilp32f\libc_nano.a(libc_a-__atexit.o)
                0x20003d9e                __register_exitproc
 .text._free_r  0x20003e54       0xa6 C:/Embedded_tools/NucleiStudio/toolchain/gcc/bin/../lib/gcc/riscv64-unknown-elf/13.1.1/../../../../riscv64-unknown-elf/lib/rv32imafc_xxldsp/ilp32f\libc_nano.a(libc_a-freer.o)
                0x20003e54                _free_r
 .text.__ssputs_r
                0x20003efa       0xea C:/Embedded_tools/NucleiStudio/toolchain/gcc/bin/../lib/gcc/riscv64-unknown-elf/13.1.1/../../../../riscv64-unknown-elf/lib/rv32imafc_xxldsp/ilp32f\libc_nano.a(libc_a-nano-svfprintf.o)
                0x20003efa                __ssputs_r
 .text._svfprintf_r
                0x20003fe4      0x276 C:/Embedded_tools/NucleiStudio/toolchain/gcc/bin/../lib/gcc/riscv64-unknown-elf/13.1.1/../../../../riscv64-unknown-elf/lib/rv32imafc_xxldsp/ilp32f\libc_nano.a(libc_a-nano-svfprintf.o)
                0x20003fe4                _svfiprintf_r
                0x20003fe4                _svfprintf_r
 .text.__sfputc_r
                0x2000425a       0x2a C:/Embedded_tools/NucleiStudio/toolchain/gcc/bin/../lib/gcc/riscv64-unknown-elf/13.1.1/../../../../riscv64-unknown-elf/lib/rv32imafc_xxldsp/ilp32f\libc_nano.a(libc_a-nano-vfprintf.o)
 .text.__sfputs_r
                0x20004284       0x42 C:/Embedded_tools/NucleiStudio/toolchain/gcc/bin/../lib/gcc/riscv64-unknown-elf/13.1.1/../../../../riscv64-unknown-elf/lib/rv32imafc_xxldsp/ilp32f\libc_nano.a(libc_a-nano-vfprintf.o)
                0x20004284                __sfputs_r
 .text._vfprintf_r
                0x200042c6      0x2ac C:/Embedded_tools/NucleiStudio/toolchain/gcc/bin/../lib/gcc/riscv64-unknown-elf/13.1.1/../../../../riscv64-unknown-elf/lib/rv32imafc_xxldsp/ilp32f\libc_nano.a(libc_a-nano-vfprintf.o)
                0x200042c6                _vfprintf_r
                0x200042c6                _vfiprintf_r
 .text._printf_common
                0x20004572      0x112 C:/Embedded_tools/NucleiStudio/toolchain/gcc/bin/../lib/gcc/riscv64-unknown-elf/13.1.1/../../../../riscv64-unknown-elf/lib/rv32imafc_xxldsp/ilp32f\libc_nano.a(libc_a-nano-vfprintf_i.o)
                0x20004572                _printf_common
 .text._printf_i
                0x20004684      0x262 C:/Embedded_tools/NucleiStudio/toolchain/gcc/bin/../lib/gcc/riscv64-unknown-elf/13.1.1/../../../../riscv64-unknown-elf/lib/rv32imafc_xxldsp/ilp32f\libc_nano.a(libc_a-nano-vfprintf_i.o)
                0x20004684                _printf_i
 .text.std      0x200048e6       0x9c C:/Embedded_tools/NucleiStudio/toolchain/gcc/bin/../lib/gcc/riscv64-unknown-elf/13.1.1/../../../../riscv64-unknown-elf/lib/rv32imafc_xxldsp/ilp32f\libc_nano.a(libc_a-findfp.o)
 .text.stdio_exit_handler
                0x20004982       0x1a C:/Embedded_tools/NucleiStudio/toolchain/gcc/bin/../lib/gcc/riscv64-unknown-elf/13.1.1/../../../../riscv64-unknown-elf/lib/rv32imafc_xxldsp/ilp32f\libc_nano.a(libc_a-findfp.o)
 .text.cleanup_stdio
                0x2000499c       0x4a C:/Embedded_tools/NucleiStudio/toolchain/gcc/bin/../lib/gcc/riscv64-unknown-elf/13.1.1/../../../../riscv64-unknown-elf/lib/rv32imafc_xxldsp/ilp32f\libc_nano.a(libc_a-findfp.o)
 .text.global_stdio_init.part.0
                0x200049e6       0x42 C:/Embedded_tools/NucleiStudio/toolchain/gcc/bin/../lib/gcc/riscv64-unknown-elf/13.1.1/../../../../riscv64-unknown-elf/lib/rv32imafc_xxldsp/ilp32f\libc_nano.a(libc_a-findfp.o)
 .text.__sfp_lock_acquire
                0x20004a28        0xc C:/Embedded_tools/NucleiStudio/toolchain/gcc/bin/../lib/gcc/riscv64-unknown-elf/13.1.1/../../../../riscv64-unknown-elf/lib/rv32imafc_xxldsp/ilp32f\libc_nano.a(libc_a-findfp.o)
                0x20004a28                __sfp_lock_acquire
 .text.__sfp_lock_release
                0x20004a34        0xc C:/Embedded_tools/NucleiStudio/toolchain/gcc/bin/../lib/gcc/riscv64-unknown-elf/13.1.1/../../../../riscv64-unknown-elf/lib/rv32imafc_xxldsp/ilp32f\libc_nano.a(libc_a-findfp.o)
                0x20004a34                __sfp_lock_release
 .text.__sinit  0x20004a40       0x2e C:/Embedded_tools/NucleiStudio/toolchain/gcc/bin/../lib/gcc/riscv64-unknown-elf/13.1.1/../../../../riscv64-unknown-elf/lib/rv32imafc_xxldsp/ilp32f\libc_nano.a(libc_a-findfp.o)
                0x20004a40                __sinit
 .text._fwalk_sglue
                0x20004a6e       0x68 C:/Embedded_tools/NucleiStudio/toolchain/gcc/bin/../lib/gcc/riscv64-unknown-elf/13.1.1/../../../../riscv64-unknown-elf/lib/rv32imafc_xxldsp/ilp32f\libc_nano.a(libc_a-fwalk.o)
                0x20004a6e                _fwalk_sglue
 .text.__sread  0x20004ad6       0x30 C:/Embedded_tools/NucleiStudio/toolchain/gcc/bin/../lib/gcc/riscv64-unknown-elf/13.1.1/../../../../riscv64-unknown-elf/lib/rv32imafc_xxldsp/ilp32f\libc_nano.a(libc_a-stdio.o)
                0x20004ad6                __sread
 .text.__swrite
                0x20004b06       0x4e C:/Embedded_tools/NucleiStudio/toolchain/gcc/bin/../lib/gcc/riscv64-unknown-elf/13.1.1/../../../../riscv64-unknown-elf/lib/rv32imafc_xxldsp/ilp32f\libc_nano.a(libc_a-stdio.o)
                0x20004b06                __swrite
 .text.__sseek  0x20004b54       0x36 C:/Embedded_tools/NucleiStudio/toolchain/gcc/bin/../lib/gcc/riscv64-unknown-elf/13.1.1/../../../../riscv64-unknown-elf/lib/rv32imafc_xxldsp/ilp32f\libc_nano.a(libc_a-stdio.o)
                0x20004b54                __sseek
 .text.__sclose
                0x20004b8a        0x6 C:/Embedded_tools/NucleiStudio/toolchain/gcc/bin/../lib/gcc/riscv64-unknown-elf/13.1.1/../../../../riscv64-unknown-elf/lib/rv32imafc_xxldsp/ilp32f\libc_nano.a(libc_a-stdio.o)
                0x20004b8a                __sclose
 .text.__swbuf_r
                0x20004b90       0x98 C:/Embedded_tools/NucleiStudio/toolchain/gcc/bin/../lib/gcc/riscv64-unknown-elf/13.1.1/../../../../riscv64-unknown-elf/lib/rv32imafc_xxldsp/ilp32f\libc_nano.a(libc_a-wbuf.o)
                0x20004b90                __swbuf_r
 .text.__swsetup_r
                0x20004c28       0xc8 C:/Embedded_tools/NucleiStudio/toolchain/gcc/bin/../lib/gcc/riscv64-unknown-elf/13.1.1/../../../../riscv64-unknown-elf/lib/rv32imafc_xxldsp/ilp32f\libc_nano.a(libc_a-wsetup.o)
                0x20004c28                __swsetup_r
 .text.memchr   0x20004cf0       0x1a C:/Embedded_tools/NucleiStudio/toolchain/gcc/bin/../lib/gcc/riscv64-unknown-elf/13.1.1/../../../../riscv64-unknown-elf/lib/rv32imafc_xxldsp/ilp32f\libc_nano.a(libc_a-memchr.o)
                0x20004cf0                memchr
 .text._close_r
                0x20004d0a       0x2e C:/Embedded_tools/NucleiStudio/toolchain/gcc/bin/../lib/gcc/riscv64-unknown-elf/13.1.1/../../../../riscv64-unknown-elf/lib/rv32imafc_xxldsp/ilp32f\libc_nano.a(libc_a-closer.o)
                0x20004d0a                _close_r
 .text._lseek_r
                0x20004d38       0x32 C:/Embedded_tools/NucleiStudio/toolchain/gcc/bin/../lib/gcc/riscv64-unknown-elf/13.1.1/../../../../riscv64-unknown-elf/lib/rv32imafc_xxldsp/ilp32f\libc_nano.a(libc_a-lseekr.o)
                0x20004d38                _lseek_r
 .text._read_r  0x20004d6a       0x34 C:/Embedded_tools/NucleiStudio/toolchain/gcc/bin/../lib/gcc/riscv64-unknown-elf/13.1.1/../../../../riscv64-unknown-elf/lib/rv32imafc_xxldsp/ilp32f\libc_nano.a(libc_a-readr.o)
                0x20004d6a                _read_r
 .text._write_r
                0x20004d9e       0x34 C:/Embedded_tools/NucleiStudio/toolchain/gcc/bin/../lib/gcc/riscv64-unknown-elf/13.1.1/../../../../riscv64-unknown-elf/lib/rv32imafc_xxldsp/ilp32f\libc_nano.a(libc_a-writer.o)
                0x20004d9e                _write_r
 .text.memmove  0x20004dd2       0x4a C:/Embedded_tools/NucleiStudio/toolchain/gcc/bin/../lib/gcc/riscv64-unknown-elf/13.1.1/../../../../riscv64-unknown-elf/lib/rv32imafc_xxldsp/ilp32f\libc_nano.a(libc_a-memmove-stub.o)
                0x20004dd2                memmove
 .text._realloc_r
                0x20004e1c       0x7e C:/Embedded_tools/NucleiStudio/toolchain/gcc/bin/../lib/gcc/riscv64-unknown-elf/13.1.1/../../../../riscv64-unknown-elf/lib/rv32imafc_xxldsp/ilp32f\libc_nano.a(libc_a-reallocr.o)
                0x20004e1c                _realloc_r
 .text.__sflush_r
                0x20004e9a      0x13c C:/Embedded_tools/NucleiStudio/toolchain/gcc/bin/../lib/gcc/riscv64-unknown-elf/13.1.1/../../../../riscv64-unknown-elf/lib/rv32imafc_xxldsp/ilp32f\libc_nano.a(libc_a-fflush.o)
                0x20004e9a                __sflush_r
 .text._fflush_r
                0x20004fd6       0x62 C:/Embedded_tools/NucleiStudio/toolchain/gcc/bin/../lib/gcc/riscv64-unknown-elf/13.1.1/../../../../riscv64-unknown-elf/lib/rv32imafc_xxldsp/ilp32f\libc_nano.a(libc_a-fflush.o)
                0x20004fd6                _fflush_r
 .text.__swhatbuf_r
                0x20005038       0x5a C:/Embedded_tools/NucleiStudio/toolchain/gcc/bin/../lib/gcc/riscv64-unknown-elf/13.1.1/../../../../riscv64-unknown-elf/lib/rv32imafc_xxldsp/ilp32f\libc_nano.a(libc_a-makebuf.o)
                0x20005038                __swhatbuf_r
 .text.__smakebuf_r
                0x20005092       0x9a C:/Embedded_tools/NucleiStudio/toolchain/gcc/bin/../lib/gcc/riscv64-unknown-elf/13.1.1/../../../../riscv64-unknown-elf/lib/rv32imafc_xxldsp/ilp32f\libc_nano.a(libc_a-makebuf.o)
                0x20005092                __smakebuf_r
 .text._fstat_r
                0x2000512c       0x30 C:/Embedded_tools/NucleiStudio/toolchain/gcc/bin/../lib/gcc/riscv64-unknown-elf/13.1.1/../../../../riscv64-unknown-elf/lib/rv32imafc_xxldsp/ilp32f\libc_nano.a(libc_a-fstatr.o)
                0x2000512c                _fstat_r
 .text._isatty_r
                0x2000515c       0x2e C:/Embedded_tools/NucleiStudio/toolchain/gcc/bin/../lib/gcc/riscv64-unknown-elf/13.1.1/../../../../riscv64-unknown-elf/lib/rv32imafc_xxldsp/ilp32f\libc_nano.a(libc_a-isattyr.o)
                0x2000515c                _isatty_r
 .text._malloc_usable_size_r
                0x2000518a       0x14 C:/Embedded_tools/NucleiStudio/toolchain/gcc/bin/../lib/gcc/riscv64-unknown-elf/13.1.1/../../../../riscv64-unknown-elf/lib/rv32imafc_xxldsp/ilp32f\libc_nano.a(libc_a-msizer.o)
                0x2000518a                _malloc_usable_size_r
 *fill*         0x2000519e        0x2 
 .text._close   0x200051a0       0x6a C:/Embedded_tools/NucleiStudio/toolchain/gcc/bin/../lib/gcc/riscv64-unknown-elf/13.1.1/../../../../riscv64-unknown-elf/lib/rv32imafc_xxldsp/ilp32f\libsemihost.a(riscv_libsemihost_a-semihost-sys_close.o)
                0x200051a0                _close
 .text.__add_fdentry
                0x2000520a       0x42 C:/Embedded_tools/NucleiStudio/toolchain/gcc/bin/../lib/gcc/riscv64-unknown-elf/13.1.1/../../../../riscv64-unknown-elf/lib/rv32imafc_xxldsp/ilp32f\libsemihost.a(riscv_libsemihost_a-semihost-sys_fdtable.o)
                0x2000520a                __add_fdentry
 .text.__get_fdentry
                0x2000524c       0x2e C:/Embedded_tools/NucleiStudio/toolchain/gcc/bin/../lib/gcc/riscv64-unknown-elf/13.1.1/../../../../riscv64-unknown-elf/lib/rv32imafc_xxldsp/ilp32f\libsemihost.a(riscv_libsemihost_a-semihost-sys_fdtable.o)
                0x2000524c                __get_fdentry
 .text.__remove_fdentry
                0x2000527a       0x12 C:/Embedded_tools/NucleiStudio/toolchain/gcc/bin/../lib/gcc/riscv64-unknown-elf/13.1.1/../../../../riscv64-unknown-elf/lib/rv32imafc_xxldsp/ilp32f\libsemihost.a(riscv_libsemihost_a-semihost-sys_fdtable.o)
                0x2000527a                __remove_fdentry
 .text._fstat   0x2000528c       0x20 C:/Embedded_tools/NucleiStudio/toolchain/gcc/bin/../lib/gcc/riscv64-unknown-elf/13.1.1/../../../../riscv64-unknown-elf/lib/rv32imafc_xxldsp/ilp32f\libsemihost.a(riscv_libsemihost_a-semihost-sys_fstat.o)
                0x2000528c                _fstat
 *fill*         0x200052ac        0x4 
 .text._isatty  0x200052b0       0x54 C:/Embedded_tools/NucleiStudio/toolchain/gcc/bin/../lib/gcc/riscv64-unknown-elf/13.1.1/../../../../riscv64-unknown-elf/lib/rv32imafc_xxldsp/ilp32f\libsemihost.a(riscv_libsemihost_a-semihost-sys_isatty.o)
                0x200052b0                _isatty
 *fill*         0x20005304        0xc 
 .text._lseek   0x20005310       0xc0 C:/Embedded_tools/NucleiStudio/toolchain/gcc/bin/../lib/gcc/riscv64-unknown-elf/13.1.1/../../../../riscv64-unknown-elf/lib/rv32imafc_xxldsp/ilp32f\libsemihost.a(riscv_libsemihost_a-semihost-sys_lseek.o)
                0x20005310                _lseek
 *fill*         0x200053d0        0x0 
 .text._open    0x200053d0       0xc2 C:/Embedded_tools/NucleiStudio/toolchain/gcc/bin/../lib/gcc/riscv64-unknown-elf/13.1.1/../../../../riscv64-unknown-elf/lib/rv32imafc_xxldsp/ilp32f\libsemihost.a(riscv_libsemihost_a-semihost-sys_open.o)
                0x200053d0                _open
 *fill*         0x20005492        0xe 
 .text._read    0x200054a0       0x6e C:/Embedded_tools/NucleiStudio/toolchain/gcc/bin/../lib/gcc/riscv64-unknown-elf/13.1.1/../../../../riscv64-unknown-elf/lib/rv32imafc_xxldsp/ilp32f\libsemihost.a(riscv_libsemihost_a-semihost-sys_read.o)
                0x200054a0                _read
 .text._sbrk    0x2000550e       0x22 C:/Embedded_tools/NucleiStudio/toolchain/gcc/bin/../lib/gcc/riscv64-unknown-elf/13.1.1/../../../../riscv64-unknown-elf/lib/rv32imafc_xxldsp/ilp32f\libsemihost.a(riscv_libsemihost_a-semihost-sys_sbrk.o)
                0x2000550e                _sbrk
 *fill*         0x20005530        0x0 
 .text.__stat_common
                0x20005530       0x6c C:/Embedded_tools/NucleiStudio/toolchain/gcc/bin/../lib/gcc/riscv64-unknown-elf/13.1.1/../../../../riscv64-unknown-elf/lib/rv32imafc_xxldsp/ilp32f\libsemihost.a(riscv_libsemihost_a-semihost-sys_stat_common.o)
                0x20005530                __stat_common
 *fill*         0x2000559c        0x4 
 .text._write   0x200055a0       0x68 C:/Embedded_tools/NucleiStudio/toolchain/gcc/bin/../lib/gcc/riscv64-unknown-elf/13.1.1/../../../../riscv64-unknown-elf/lib/rv32imafc_xxldsp/ilp32f\libsemihost.a(riscv_libsemihost_a-semihost-sys_write.o)
                0x200055a0                _write
 .text.e203_uart_init
                0x20005608       0x26 G:\VeriSilicon\VeriHealthi_QEMU_SDK.202405_preliminary\VeriHealthi_QEMU_SDK.202405_preliminary\VeriHealthi_QEMU_SDK_v3.1\VeriHealthi_QEMU_SDK\galaxy_sdk\drivers\lib\libdriver_riscv.a(e203_uart.c.o)
                0x20005608                e203_uart_init
 .text.__errno  0x2000562e        0x6 C:/Embedded_tools/NucleiStudio/toolchain/gcc/bin/../lib/gcc/riscv64-unknown-elf/13.1.1/../../../../riscv64-unknown-elf/lib/rv32imafc_xxldsp/ilp32f\libc_nano.a(libc_a-errno.o)
                0x2000562e                __errno
 *(.gnu.linkonce.t.*)
                0x20005638                        . = ALIGN (0x8)
 *fill*         0x20005634        0x4 
 *(.srodata.cst16)
 *(.srodata.cst8)
 *(.srodata.cst4)
 *(.srodata.cst2)
 *(.srodata .srodata.*)
 .srodata.qemu_board_name
                0x20005638        0x5 ./galaxy_sdk/bsp/src/qemu_board.o
 *fill*         0x2000563d        0x3 
 .srodata.CSWTCH.11
                0x20005640        0x5 G:\VeriSilicon\VeriHealthi_QEMU_SDK.202405_preliminary\VeriHealthi_QEMU_SDK.202405_preliminary\VeriHealthi_QEMU_SDK_v3.1\VeriHealthi_QEMU_SDK\galaxy_sdk\osal\lib\libosal_riscv.a(osal_sys_state.c.o)
 *fill*         0x20005645        0x3 
 .srodata.uxTopUsedPriority
                0x20005648        0x4 G:\VeriSilicon\VeriHealthi_QEMU_SDK.202405_preliminary\VeriHealthi_QEMU_SDK.202405_preliminary\VeriHealthi_QEMU_SDK_v3.1\VeriHealthi_QEMU_SDK\galaxy_sdk\os\lib\libos_riscv.a(tasks.c.o)
                0x20005648                uxTopUsedPriority
 *(.rdata)
 *(.rodata .rodata.*)
 .rodata.qemu_board_ops
                0x2000564c        0xc ./galaxy_sdk/bsp/src/qemu_board.o
                0x2000564c                qemu_board_ops
 .rodata.task_init_app.str1.4
                0x20005658       0x30 ./galaxy_sdk/main.o
 .rodata.task_sample.str1.4
                0x20005688       0x2e ./galaxy_sdk/main.o
 *fill*         0x200056b6        0x2 
 .rodata.main.str1.4
                0x200056b8       0x39 ./galaxy_sdk/main.o
 *fill*         0x200056f1        0x3 
 .rodata.vApplicationStackOverflowHook.str1.4
                0x200056f4       0x1d G:\VeriSilicon\VeriHealthi_QEMU_SDK.202405_preliminary\VeriHealthi_QEMU_SDK.202405_preliminary\VeriHealthi_QEMU_SDK_v3.1\VeriHealthi_QEMU_SDK\galaxy_sdk\bsp\lib\libbsp_riscv.a(port.c.o)
 *fill*         0x20005711        0x3 
 .rodata.vApplicationMallocFailedHook.str1.4
                0x20005714        0xe G:\VeriSilicon\VeriHealthi_QEMU_SDK.202405_preliminary\VeriHealthi_QEMU_SDK.202405_preliminary\VeriHealthi_QEMU_SDK_v3.1\VeriHealthi_QEMU_SDK\galaxy_sdk\bsp\lib\libbsp_riscv.a(port.c.o)
 *fill*         0x20005722        0x2 
 .rodata.pdm_hw_cfg
                0x20005724       0x18 G:\VeriSilicon\VeriHealthi_QEMU_SDK.202405_preliminary\VeriHealthi_QEMU_SDK.202405_preliminary\VeriHealthi_QEMU_SDK_v3.1\VeriHealthi_QEMU_SDK\galaxy_sdk\bsp\lib\libbsp_riscv.a(soc_init.c.o)
 .rodata.system_default_exception_handler.str1.4
                0x2000573c       0x71 G:\VeriSilicon\VeriHealthi_QEMU_SDK.202405_preliminary\VeriHealthi_QEMU_SDK.202405_preliminary\VeriHealthi_QEMU_SDK_v3.1\VeriHealthi_QEMU_SDK\galaxy_sdk\bsp\lib\libbsp_riscv.a(system_pegasus.c.o)
 *fill*         0x200057ad        0x3 
 .rodata.pdm_init.str1.4
                0x200057b0       0x2e G:\VeriSilicon\VeriHealthi_QEMU_SDK.202405_preliminary\VeriHealthi_QEMU_SDK.202405_preliminary\VeriHealthi_QEMU_SDK_v3.1\VeriHealthi_QEMU_SDK\galaxy_sdk\drivers\lib\libdriver_riscv.a(pdm_simulator.c.o)
 *fill*         0x200057de        0x2 
 .rodata.pdm_stop.str1.4
                0x200057e0       0x4c G:\VeriSilicon\VeriHealthi_QEMU_SDK.202405_preliminary\VeriHealthi_QEMU_SDK.202405_preliminary\VeriHealthi_QEMU_SDK_v3.1\VeriHealthi_QEMU_SDK\galaxy_sdk\drivers\lib\libdriver_riscv.a(pdm_simulator.c.o)
 .rodata.pdm_start.str1.4
                0x2000582c       0xad G:\VeriSilicon\VeriHealthi_QEMU_SDK.202405_preliminary\VeriHealthi_QEMU_SDK.202405_preliminary\VeriHealthi_QEMU_SDK_v3.1\VeriHealthi_QEMU_SDK\galaxy_sdk\drivers\lib\libdriver_riscv.a(pdm_simulator.c.o)
 *fill*         0x200058d9        0x3 
 .rodata.pdm_ops
                0x200058dc       0x18 G:\VeriSilicon\VeriHealthi_QEMU_SDK.202405_preliminary\VeriHealthi_QEMU_SDK.202405_preliminary\VeriHealthi_QEMU_SDK_v3.1\VeriHealthi_QEMU_SDK\galaxy_sdk\drivers\lib\libdriver_riscv.a(pdm_simulator.c.o)
 .rodata.pdm_simu_data
                0x200058f4    0xb4640 G:\VeriSilicon\VeriHealthi_QEMU_SDK.202405_preliminary\VeriHealthi_QEMU_SDK.202405_preliminary\VeriHealthi_QEMU_SDK_v3.1\VeriHealthi_QEMU_SDK\galaxy_sdk\drivers\lib\libdriver_riscv.a(pdm_simulator.c.o)
 .rodata.str1.4
                0x200b9f34        0x7 G:\VeriSilicon\VeriHealthi_QEMU_SDK.202405_preliminary\VeriHealthi_QEMU_SDK.202405_preliminary\VeriHealthi_QEMU_SDK_v3.1\VeriHealthi_QEMU_SDK\galaxy_sdk\modules\lib\libcommon_riscv.a(uart_printf.c.o)
                                  0xb (size before relaxing)
 *fill*         0x200b9f3b        0x1 
 .rodata        0x200b9f3c      0x108 G:\VeriSilicon\VeriHealthi_QEMU_SDK.202405_preliminary\VeriHealthi_QEMU_SDK.202405_preliminary\VeriHealthi_QEMU_SDK_v3.1\VeriHealthi_QEMU_SDK\galaxy_sdk\modules\lib\libcommon_riscv.a(uart_printf.c.o)
 .rodata.str1.4
                0x200ba044       0xce G:\VeriSilicon\VeriHealthi_QEMU_SDK.202405_preliminary\VeriHealthi_QEMU_SDK.202405_preliminary\VeriHealthi_QEMU_SDK_v3.1\VeriHealthi_QEMU_SDK\galaxy_sdk\modules\lib\libcommon_riscv.a(sw_timer_os.c.o)
 *fill*         0x200ba112        0x2 
 .rodata.str1.4
                0x200ba114       0xc7 G:\VeriSilicon\VeriHealthi_QEMU_SDK.202405_preliminary\VeriHealthi_QEMU_SDK.202405_preliminary\VeriHealthi_QEMU_SDK_v3.1\VeriHealthi_QEMU_SDK\galaxy_sdk\modules\lib\libcommon_riscv.a(vpi_error.c.o)
 *fill*         0x200ba1db        0x1 
 .rodata        0x200ba1dc       0x34 G:\VeriSilicon\VeriHealthi_QEMU_SDK.202405_preliminary\VeriHealthi_QEMU_SDK.202405_preliminary\VeriHealthi_QEMU_SDK_v3.1\VeriHealthi_QEMU_SDK\galaxy_sdk\modules\lib\libcommon_riscv.a(vpi_error.c.o)
 .rodata.CSWTCH.14
                0x200ba210       0x48 G:\VeriSilicon\VeriHealthi_QEMU_SDK.202405_preliminary\VeriHealthi_QEMU_SDK.202405_preliminary\VeriHealthi_QEMU_SDK_v3.1\VeriHealthi_QEMU_SDK\galaxy_sdk\modules\lib\libcommon_riscv.a(vpi_error.c.o)
 .rodata.osal_create_task.str1.4
                0x200ba258       0x22 G:\VeriSilicon\VeriHealthi_QEMU_SDK.202405_preliminary\VeriHealthi_QEMU_SDK.202405_preliminary\VeriHealthi_QEMU_SDK_v3.1\VeriHealthi_QEMU_SDK\galaxy_sdk\osal\lib\libosal_riscv.a(osal_task.c.o)
 *fill*         0x200ba27a        0x2 
 .rodata.str1.4
                0x200ba27c      0x101 G:\VeriSilicon\VeriHealthi_QEMU_SDK.202405_preliminary\VeriHealthi_QEMU_SDK.202405_preliminary\VeriHealthi_QEMU_SDK_v3.1\VeriHealthi_QEMU_SDK\galaxy_sdk\osal\lib\libosal_riscv.a(osal_sys_state.c.o)
 *fill*         0x200ba37d        0x3 
 .rodata.vTaskStartScheduler.str1.4
                0x200ba380        0x9 G:\VeriSilicon\VeriHealthi_QEMU_SDK.202405_preliminary\VeriHealthi_QEMU_SDK.202405_preliminary\VeriHealthi_QEMU_SDK_v3.1\VeriHealthi_QEMU_SDK\galaxy_sdk\os\lib\libos_riscv.a(tasks.c.o)
 *fill*         0x200ba389        0x3 
 .rodata.xTimerCreateTimerTask.str1.4
                0x200ba38c        0xa G:\VeriSilicon\VeriHealthi_QEMU_SDK.202405_preliminary\VeriHealthi_QEMU_SDK.202405_preliminary\VeriHealthi_QEMU_SDK_v3.1\VeriHealthi_QEMU_SDK\galaxy_sdk\os\lib\libos_riscv.a(timers.c.o)
 *fill*         0x200ba396        0x2 
 .rodata.prvTimerTask
                0x200ba398       0x28 G:\VeriSilicon\VeriHealthi_QEMU_SDK.202405_preliminary\VeriHealthi_QEMU_SDK.202405_preliminary\VeriHealthi_QEMU_SDK_v3.1\VeriHealthi_QEMU_SDK\galaxy_sdk\os\lib\libos_riscv.a(timers.c.o)
 .rodata._svfprintf_r.str1.4
                0x200ba3c0       0x13 C:/Embedded_tools/NucleiStudio/toolchain/gcc/bin/../lib/gcc/riscv64-unknown-elf/13.1.1/../../../../riscv64-unknown-elf/lib/rv32imafc_xxldsp/ilp32f\libc_nano.a(libc_a-nano-svfprintf.o)
 .rodata._vfprintf_r.str1.4
                0x200ba3d3       0x13 C:/Embedded_tools/NucleiStudio/toolchain/gcc/bin/../lib/gcc/riscv64-unknown-elf/13.1.1/../../../../riscv64-unknown-elf/lib/rv32imafc_xxldsp/ilp32f\libc_nano.a(libc_a-nano-vfprintf.o)
 *fill*         0x200ba3d3        0x1 
 .rodata._printf_i.str1.4
                0x200ba3d4       0x25 C:/Embedded_tools/NucleiStudio/toolchain/gcc/bin/../lib/gcc/riscv64-unknown-elf/13.1.1/../../../../riscv64-unknown-elf/lib/rv32imafc_xxldsp/ilp32f\libc_nano.a(libc_a-nano-vfprintf_i.o)
 *fill*         0x200ba3f9        0x3 
 .rodata._printf_i
                0x200ba3fc       0x58 C:/Embedded_tools/NucleiStudio/toolchain/gcc/bin/../lib/gcc/riscv64-unknown-elf/13.1.1/../../../../riscv64-unknown-elf/lib/rv32imafc_xxldsp/ilp32f\libc_nano.a(libc_a-nano-vfprintf_i.o)
 .rodata.init_semihosting.str1.4
                0x200ba454        0x4 C:/Embedded_tools/NucleiStudio/toolchain/gcc/bin/../lib/gcc/riscv64-unknown-elf/13.1.1/../../../../riscv64-unknown-elf/lib/rv32imafc_xxldsp/ilp32f\libsemihost.a(riscv_libsemihost_a-semihost-sys_fdtable.o)
 *(.gnu.linkonce.r.*)
                0x200ba458                        . = ALIGN (0x4)
                0x200ba458                        __rt_init_start = .
 *(SORT_BY_NAME(.rti_fn*))
                0x200ba458                        __rt_init_end = .
                0x200ba458                        . = ALIGN (0x4)
                0x200ba458                        __fsymtab_start = .
 *(FSymTab)
                0x200ba458                        __fsymtab_end = .
                0x200ba458                        . = ALIGN (0x4)
                0x200ba458                        __vsymtab_start = .
 *(VSymTab)
                0x200ba458                        __vsymtab_end = .
                0x200ba458                        . = ALIGN (0x4)
 *libble*.a:*(.text*)
                0x200ba458                        __init_start = .
                0x200ba458                        __init_PRE_KERNEL_1_start = .
 *(SORT_BY_NAME(.z_init_PRE_KERNEL_1[0-9]_*))
 *(SORT_BY_NAME(.z_init_PRE_KERNEL_1[1-9][0-9]_*))
                0x200ba458                        __init_PRE_KERNEL_2_start = .
 *(SORT_BY_NAME(.z_init_PRE_KERNEL_2[0-9]_*))
 *(SORT_BY_NAME(.z_init_PRE_KERNEL_2[1-9][0-9]_*))
                0x200ba458                        __init_POST_KERNEL_start = .
 *(SORT_BY_NAME(.z_init_POST_KERNEL[0-9]_*))
 *(SORT_BY_NAME(.z_init_POST_KERNEL[1-9][0-9]_*))
                0x200ba458                        __init_APPLICATION_start = .
 *(SORT_BY_NAME(.z_init_APPLICATION[0-9]_*))
 *(SORT_BY_NAME(.z_init_APPLICATION[1-9][0-9]_*))
                0x200ba458                        __init_end = .

.nonxip_text    0x200ba458       0x30
 .nonxip_text   0x200ba458        0xe ./galaxy_sdk/bsp/src/qemu_board.o
 .nonxip_text   0x200ba466       0x22 G:\VeriSilicon\VeriHealthi_QEMU_SDK.202405_preliminary\VeriHealthi_QEMU_SDK.202405_preliminary\VeriHealthi_QEMU_SDK_v3.1\VeriHealthi_QEMU_SDK\galaxy_sdk\bsp\lib\libbsp_riscv.a(arch_api.c.o)
                0x200ba466                cpu_sleep

.stext          0x200ba488      0xbf4
 .stext         0x200ba488        0xe ./galaxy_sdk/bsp/src/qemu_board.o
                0x200ba488                qemu_board_find_device
                0x200ba48c                board_get_ops
 .stext         0x200ba496      0x5a2 G:\VeriSilicon\VeriHealthi_QEMU_SDK.202405_preliminary\VeriHealthi_QEMU_SDK.202405_preliminary\VeriHealthi_QEMU_SDK_v3.1\VeriHealthi_QEMU_SDK\galaxy_sdk\modules\lib\libcommon_riscv.a(uart_printf.c.o)
                0x200ba6f0                uart_printf
                0x200ba72c                uart_sprintf
                0x200baa1e                uart_debug_init
 .stext         0x200baa38      0x2d2 G:\VeriSilicon\VeriHealthi_QEMU_SDK.202405_preliminary\VeriHealthi_QEMU_SDK.202405_preliminary\VeriHealthi_QEMU_SDK_v3.1\VeriHealthi_QEMU_SDK\galaxy_sdk\modules\lib\libcommon_riscv.a(sw_timer_os.c.o)
                0x200baa38                vpi_timer_init
                0x200baa3c                vpi_timer_create
                0x200baaae                vpi_timer_start
                0x200bab10                vpi_timer_stop
                0x200bab60                vpi_timer_delete
                0x200babb0                vpi_timer_reset
                0x200bac12                vpi_timer_start_from_isr
                0x200bac5c                vpi_timer_stop_from_isr
                0x200bac9a                vpi_timer_reset_from_isr
                0x200bace4                get_sw_timer_id
                0x200bacf4                set_sw_timer_id
                0x200bad06                get_sw_timer_name
 .stext         0x200bad0a      0x122 G:\VeriSilicon\VeriHealthi_QEMU_SDK.202405_preliminary\VeriHealthi_QEMU_SDK.202405_preliminary\VeriHealthi_QEMU_SDK_v3.1\VeriHealthi_QEMU_SDK\galaxy_sdk\modules\lib\libcommon_riscv.a(vpi_error.c.o)
                0x200bad0a                vsd_to_vpi
                0x200bad24                vpi_error_print
                0x200bae28                vsa_to_vpi
 .stext         0x200bae2c      0x250 G:\VeriSilicon\VeriHealthi_QEMU_SDK.202405_preliminary\VeriHealthi_QEMU_SDK.202405_preliminary\VeriHealthi_QEMU_SDK_v3.1\VeriHealthi_QEMU_SDK\galaxy_sdk\osal\lib\libosal_riscv.a(osal_sys_state.c.o)
                0x200bae2c                osal_dump_os_state
                0x200bb048                osal_dump_heap_size
                0x200bb072                osal_get_free_heap
                0x200bb076                osal_get_task_name

.rela.dyn       0x200bb07c        0x0
 .rela.text.irq
                0x200bb07c        0x0 ./galaxy_sdk/drivers/src/hal_pdm.o
 .rela.init     0x200bb07c        0x0 ./galaxy_sdk/drivers/src/hal_pdm.o
 .rela.text.__libc_init_array
                0x200bb07c        0x0 ./galaxy_sdk/drivers/src/hal_pdm.o
 .rela.text.__libc_fini_array
                0x200bb07c        0x0 ./galaxy_sdk/drivers/src/hal_pdm.o
 .rela.text.__register_exitproc
                0x200bb07c        0x0 ./galaxy_sdk/drivers/src/hal_pdm.o
 .rela.text._svfprintf_r
                0x200bb07c        0x0 ./galaxy_sdk/drivers/src/hal_pdm.o
 .rela.text._vfprintf_r
                0x200bb07c        0x0 ./galaxy_sdk/drivers/src/hal_pdm.o
 .rela.text._sbrk
                0x200bb07c        0x0 ./galaxy_sdk/drivers/src/hal_pdm.o

.fini
 *(SORT_NONE(.fini))

.preinit_array  0x200bb07c        0x0
                0x200bb07c                        PROVIDE (__preinit_array_start = .)
 *(.preinit_array)
                0x200bb07c                        PROVIDE (__preinit_array_end = .)

.init_array     0x200bb07c        0x4
                0x200bb07c                        PROVIDE (__init_array_start = .)
 *(SORT_BY_INIT_PRIORITY(.init_array.*) SORT_BY_INIT_PRIORITY(.ctors.*))
 *(.init_array EXCLUDE_FILE(*crtend?.o *crtend.o *crtbegin?.o *crtbegin.o) .ctors)
 .init_array    0x200bb07c        0x4 C:/Embedded_tools/NucleiStudio/toolchain/gcc/bin/../lib/gcc/riscv64-unknown-elf/13.1.1/../../../../riscv64-unknown-elf/lib/rv32imafc_xxldsp/ilp32f\libsemihost.a(riscv_libsemihost_a-semihost-sys_fdtable.o)
                0x200bb080                        PROVIDE (__init_array_end = .)

.fini_array     0x200bb080        0x0
                0x200bb080                        PROVIDE (__fini_array_start = .)
 *(SORT_BY_INIT_PRIORITY(.fini_array.*) SORT_BY_INIT_PRIORITY(.dtors.*))
 *(.fini_array EXCLUDE_FILE(*crtend?.o *crtend.o *crtbegin?.o *crtbegin.o) .dtors)
                0x200bb080                        PROVIDE (__fini_array_end = .)

.ctors
 *crtbegin.o(.ctors)
 *crtbegin?.o(.ctors)
 *(EXCLUDE_FILE(*crtend?.o *crtend.o) .ctors)
 *(SORT_BY_NAME(.ctors.*))
 *(.ctors)

.dtors
 *crtbegin.o(.dtors)
 *crtbegin?.o(.dtors)
 *(EXCLUDE_FILE(*crtend?.o *crtend.o) .dtors)
 *(SORT_BY_NAME(.dtors.*))
 *(.dtors)
                [!provide]                        PROVIDE (_ilm_lma = LOADADDR (.text))
                [!provide]                        PROVIDE (_ilm = ADDR (.text))
                [!provide]                        PROVIDE (_eilm = .)
                0x20000340                        PROVIDE (_text_lma = LOADADDR (.text))
                0x20000340                        PROVIDE (_text = ADDR (.text))
                0x200bb080                        PROVIDE (_etext = .)
                [!provide]                        PROVIDE (__etext = .)
                [!provide]                        PROVIDE (etext = .)

.data           0x90000000       0x90 load address 0x200bb080
 *(.data.ctest*)
 *(.data .data.*)
 .data.pdm_data
                0x90000000        0xc G:\VeriSilicon\VeriHealthi_QEMU_SDK.202405_preliminary\VeriHealthi_QEMU_SDK.202405_preliminary\VeriHealthi_QEMU_SDK_v3.1\VeriHealthi_QEMU_SDK\galaxy_sdk\drivers\lib\libdriver_riscv.a(pdm_simulator.c.o)
 .data.pdm_fifo
                0x9000000c       0x10 G:\VeriSilicon\VeriHealthi_QEMU_SDK.202405_preliminary\VeriHealthi_QEMU_SDK.202405_preliminary\VeriHealthi_QEMU_SDK_v3.1\VeriHealthi_QEMU_SDK\galaxy_sdk\drivers\lib\libdriver_riscv.a(pdm_simulator.c.o)
 .data._impure_data
                0x9000001c       0x4c C:/Embedded_tools/NucleiStudio/toolchain/gcc/bin/../lib/gcc/riscv64-unknown-elf/13.1.1/../../../../riscv64-unknown-elf/lib/rv32imafc_xxldsp/ilp32f\libc_nano.a(libc_a-impure.o)
                0x9000001c                _impure_data
 .data.__sglue  0x90000068        0xc C:/Embedded_tools/NucleiStudio/toolchain/gcc/bin/../lib/gcc/riscv64-unknown-elf/13.1.1/../../../../riscv64-unknown-elf/lib/rv32imafc_xxldsp/ilp32f\libc_nano.a(libc_a-findfp.o)
                0x90000068                __sglue
 *(.gnu.linkonce.d.*)
                0x90000074                        . = ALIGN (0x4)
                0x90000074                        _net_buf_pool_list = .
                0x90000074                        _net_buf_pool_list_start = .
 *(._net_buf_pool.*)
                0x90000074                        _net_buf_pool_list_end = .
                0x90000074                        . = ALIGN (0x4)
                0x90000074                        _k_queue_list_start = .
 *(._k_queue.static.*)
                0x90000074                        _k_queue_list_end = .
                0x90000074                        . = ALIGN (0x4)
                0x90000074                        _k_mem_slab_list_start = .
 *(._k_mem_slab.static.*)
                0x90000074                        _k_mem_slab_list_end = .
                0x90000074                        . = ALIGN (0x4)
                0x90000074                        _bt_gatt_service_static_list_start = .
 *(._bt_gatt_service_static.static.*)
                0x90000074                        _bt_gatt_service_static_list_end = .
                0x90000074                        . = ALIGN (0x4)
                0x90000074                        _bt_l2cap_fixed_chan_list_start = .
 *(._bt_l2cap_fixed_chan.static.*)
                0x90000074                        _bt_l2cap_fixed_chan_list_end = .
                0x90000074                        . = ALIGN (0x4)
                0x90000074                        _settings_handler_static_list_start = .
 *(._settings_handler_static.static.*)
                0x90000074                        _settings_handler_static_list_end = .
                0x90000074                        . = ALIGN (0x4)
                0x90000074                        _k_sem_list_start = .
 *(._k_sem.static.*)
                0x90000074                        _k_sem_list_end = .
                0x90000074                        . = ALIGN (0x4)
                0x90000074                        _k_mutex_list_start = .
 *(._k_mutex.static.*)
                0x90000074                        _k_mutex_list_end = .
                0x90000074                        . = ALIGN (0x4)
                0x90000074                        _bt_conn_cb_list_start = .
 *(._bt_conn_cb.static.*)
                0x90000074                        _bt_conn_cb_list_end = .
                0x90000078                        . = ALIGN (0x8)
 *fill*         0x90000074        0x4 
                0x90000878                        PROVIDE (__global_pointer$ = (. + 0x800))
 *(.sdata .sdata.* .sdata*)
 .sdata.uxMaxSysCallMTH
                0x90000078        0x1 G:\VeriSilicon\VeriHealthi_QEMU_SDK.202405_preliminary\VeriHealthi_QEMU_SDK.202405_preliminary\VeriHealthi_QEMU_SDK_v3.1\VeriHealthi_QEMU_SDK\galaxy_sdk\bsp\lib\libbsp_riscv.a(port.c.o)
                0x90000078                uxMaxSysCallMTH
 *fill*         0x90000079        0x3 
 .sdata.uxCriticalNesting
                0x9000007c        0x4 G:\VeriSilicon\VeriHealthi_QEMU_SDK.202405_preliminary\VeriHealthi_QEMU_SDK.202405_preliminary\VeriHealthi_QEMU_SDK_v3.1\VeriHealthi_QEMU_SDK\galaxy_sdk\bsp\lib\libbsp_riscv.a(port.c.o)
 .sdata.vs_logging_level
                0x90000080        0x4 G:\VeriSilicon\VeriHealthi_QEMU_SDK.202405_preliminary\VeriHealthi_QEMU_SDK.202405_preliminary\VeriHealthi_QEMU_SDK_v3.1\VeriHealthi_QEMU_SDK\galaxy_sdk\modules\lib\libcommon_riscv.a(vs_logging.c.o)
                0x90000080                vs_logging_level
 .sdata._impure_ptr
                0x90000084        0x4 C:/Embedded_tools/NucleiStudio/toolchain/gcc/bin/../lib/gcc/riscv64-unknown-elf/13.1.1/../../../../riscv64-unknown-elf/lib/rv32imafc_xxldsp/ilp32f\libc_nano.a(libc_a-impure.o)
                0x90000084                _impure_ptr
 .sdata.__atexit_recursive_mutex
                0x90000088        0x4 C:/Embedded_tools/NucleiStudio/toolchain/gcc/bin/../lib/gcc/riscv64-unknown-elf/13.1.1/../../../../riscv64-unknown-elf/lib/rv32imafc_xxldsp/ilp32f\libc_nano.a(libc_a-__call_atexit.o)
                0x90000088                __atexit_recursive_mutex
 *(.gnu.linkonce.s.*)
                0x90000090                        . = ALIGN (0x8)
 *fill*         0x9000008c        0x4 
                0x90000090                        __ipc_mem_start = .
                0x90000090                        . = ALIGN (0x8)

.RTOS_HEAP_SEC  0x90000090     0xdce8 load address 0x200bb110
 .RTOS_HEAP_SEC
                0x90000090     0xdce8 G:\VeriSilicon\VeriHealthi_QEMU_SDK.202405_preliminary\VeriHealthi_QEMU_SDK.202405_preliminary\VeriHealthi_QEMU_SDK_v3.1\VeriHealthi_QEMU_SDK\galaxy_sdk\bsp\lib\libbsp_riscv.a(port.c.o)
                0x90000978                ucHeap

.tdata          0x9000dd78        0x0 load address 0x200c8df8
                0x9000dd78                        PROVIDE (__tls_base = .)
 *(.tdata .tdata.* .gnu.linkonce.td.*)
                0x200bb080                        PROVIDE (_data_lma = LOADADDR (.data))
                0x90000000                        PROVIDE (_data = ADDR (.data))
                0x9000dd78                        PROVIDE (_edata = .)
                [!provide]                        PROVIDE (edata = .)
                [!provide]                        PROVIDE (_fbss = .)
                0x9000dd78                        PROVIDE (__bss_start = .)

.tbss           0x9000dd78        0x0
 *(.tbss .tbss.* .gnu.linkonce.tb.*)
 *(.tcommon)
                [!provide]                        PROVIDE (__tls_end = .)

.tbss_space     0x9000dd78        0x0
                0x9000dd78                        . = (. + SIZEOF (.tbss))

.bss            0x9000dd78      0x5c8
 *(.sbss*)
 .sbss.g_pdm_dev
                0x9000dd78        0x4 ./galaxy_sdk/drivers/src/hal_pdm.o
 .sbss.ucMaxSysCallPriority
                0x9000dd7c        0x1 G:\VeriSilicon\VeriHealthi_QEMU_SDK.202405_preliminary\VeriHealthi_QEMU_SDK.202405_preliminary\VeriHealthi_QEMU_SDK_v3.1\VeriHealthi_QEMU_SDK\galaxy_sdk\bsp\lib\libbsp_riscv.a(port.c.o)
 *fill*         0x9000dd7d        0x3 
 .sbss.board_ops
                0x9000dd80        0x4 G:\VeriSilicon\VeriHealthi_QEMU_SDK.202405_preliminary\VeriHealthi_QEMU_SDK.202405_preliminary\VeriHealthi_QEMU_SDK_v3.1\VeriHealthi_QEMU_SDK\galaxy_sdk\bsp\lib\libbsp_riscv.a(board.c.o)
 .sbss.clk_count
                0x9000dd84        0x1 G:\VeriSilicon\VeriHealthi_QEMU_SDK.202405_preliminary\VeriHealthi_QEMU_SDK.202405_preliminary\VeriHealthi_QEMU_SDK_v3.1\VeriHealthi_QEMU_SDK\galaxy_sdk\drivers\lib\libdriver_riscv.a(clock.c.o)
 *fill*         0x9000dd85        0x3 
 .sbss.clks     0x9000dd88        0x4 G:\VeriSilicon\VeriHealthi_QEMU_SDK.202405_preliminary\VeriHealthi_QEMU_SDK.202405_preliminary\VeriHealthi_QEMU_SDK_v3.1\VeriHealthi_QEMU_SDK\galaxy_sdk\drivers\lib\libdriver_riscv.a(clock.c.o)
 .sbss.os_scheduler_start
                0x9000dd8c        0x1 G:\VeriSilicon\VeriHealthi_QEMU_SDK.202405_preliminary\VeriHealthi_QEMU_SDK.202405_preliminary\VeriHealthi_QEMU_SDK_v3.1\VeriHealthi_QEMU_SDK\galaxy_sdk\osal\lib\libosal_riscv.a(osal_task.c.o)
                0x9000dd8c                os_scheduler_start
 *fill*         0x9000dd8d        0x3 
 .sbss.ulTotalRunTime
                0x9000dd90        0x4 G:\VeriSilicon\VeriHealthi_QEMU_SDK.202405_preliminary\VeriHealthi_QEMU_SDK.202405_preliminary\VeriHealthi_QEMU_SDK_v3.1\VeriHealthi_QEMU_SDK\galaxy_sdk\os\lib\libos_riscv.a(tasks.c.o)
 .sbss.ulTaskSwitchedInTime
                0x9000dd94        0x4 G:\VeriSilicon\VeriHealthi_QEMU_SDK.202405_preliminary\VeriHealthi_QEMU_SDK.202405_preliminary\VeriHealthi_QEMU_SDK_v3.1\VeriHealthi_QEMU_SDK\galaxy_sdk\os\lib\libos_riscv.a(tasks.c.o)
 .sbss.uxSchedulerSuspended
                0x9000dd98        0x4 G:\VeriSilicon\VeriHealthi_QEMU_SDK.202405_preliminary\VeriHealthi_QEMU_SDK.202405_preliminary\VeriHealthi_QEMU_SDK_v3.1\VeriHealthi_QEMU_SDK\galaxy_sdk\os\lib\libos_riscv.a(tasks.c.o)
 .sbss.xIdleTaskHandle
                0x9000dd9c        0x4 G:\VeriSilicon\VeriHealthi_QEMU_SDK.202405_preliminary\VeriHealthi_QEMU_SDK.202405_preliminary\VeriHealthi_QEMU_SDK_v3.1\VeriHealthi_QEMU_SDK\galaxy_sdk\os\lib\libos_riscv.a(tasks.c.o)
 .sbss.xNextTaskUnblockTime
                0x9000dda0        0x4 G:\VeriSilicon\VeriHealthi_QEMU_SDK.202405_preliminary\VeriHealthi_QEMU_SDK.202405_preliminary\VeriHealthi_QEMU_SDK_v3.1\VeriHealthi_QEMU_SDK\galaxy_sdk\os\lib\libos_riscv.a(tasks.c.o)
 .sbss.uxTaskNumber
                0x9000dda4        0x4 G:\VeriSilicon\VeriHealthi_QEMU_SDK.202405_preliminary\VeriHealthi_QEMU_SDK.202405_preliminary\VeriHealthi_QEMU_SDK_v3.1\VeriHealthi_QEMU_SDK\galaxy_sdk\os\lib\libos_riscv.a(tasks.c.o)
 .sbss.xNumOfOverflows
                0x9000dda8        0x4 G:\VeriSilicon\VeriHealthi_QEMU_SDK.202405_preliminary\VeriHealthi_QEMU_SDK.202405_preliminary\VeriHealthi_QEMU_SDK_v3.1\VeriHealthi_QEMU_SDK\galaxy_sdk\os\lib\libos_riscv.a(tasks.c.o)
 .sbss.xYieldPending
                0x9000ddac        0x4 G:\VeriSilicon\VeriHealthi_QEMU_SDK.202405_preliminary\VeriHealthi_QEMU_SDK.202405_preliminary\VeriHealthi_QEMU_SDK_v3.1\VeriHealthi_QEMU_SDK\galaxy_sdk\os\lib\libos_riscv.a(tasks.c.o)
 .sbss.xPendedTicks
                0x9000ddb0        0x4 G:\VeriSilicon\VeriHealthi_QEMU_SDK.202405_preliminary\VeriHealthi_QEMU_SDK.202405_preliminary\VeriHealthi_QEMU_SDK_v3.1\VeriHealthi_QEMU_SDK\galaxy_sdk\os\lib\libos_riscv.a(tasks.c.o)
 .sbss.xSchedulerRunning
                0x9000ddb4        0x4 G:\VeriSilicon\VeriHealthi_QEMU_SDK.202405_preliminary\VeriHealthi_QEMU_SDK.202405_preliminary\VeriHealthi_QEMU_SDK_v3.1\VeriHealthi_QEMU_SDK\galaxy_sdk\os\lib\libos_riscv.a(tasks.c.o)
 .sbss.uxTopReadyPriority
                0x9000ddb8        0x4 G:\VeriSilicon\VeriHealthi_QEMU_SDK.202405_preliminary\VeriHealthi_QEMU_SDK.202405_preliminary\VeriHealthi_QEMU_SDK_v3.1\VeriHealthi_QEMU_SDK\galaxy_sdk\os\lib\libos_riscv.a(tasks.c.o)
 .sbss.xTickCount
                0x9000ddbc        0x4 G:\VeriSilicon\VeriHealthi_QEMU_SDK.202405_preliminary\VeriHealthi_QEMU_SDK.202405_preliminary\VeriHealthi_QEMU_SDK_v3.1\VeriHealthi_QEMU_SDK\galaxy_sdk\os\lib\libos_riscv.a(tasks.c.o)
 .sbss.uxCurrentNumberOfTasks
                0x9000ddc0        0x4 G:\VeriSilicon\VeriHealthi_QEMU_SDK.202405_preliminary\VeriHealthi_QEMU_SDK.202405_preliminary\VeriHealthi_QEMU_SDK_v3.1\VeriHealthi_QEMU_SDK\galaxy_sdk\os\lib\libos_riscv.a(tasks.c.o)
 .sbss.uxDeletedTasksWaitingCleanUp
                0x9000ddc4        0x4 G:\VeriSilicon\VeriHealthi_QEMU_SDK.202405_preliminary\VeriHealthi_QEMU_SDK.202405_preliminary\VeriHealthi_QEMU_SDK_v3.1\VeriHealthi_QEMU_SDK\galaxy_sdk\os\lib\libos_riscv.a(tasks.c.o)
 .sbss.pxOverflowDelayedTaskList
                0x9000ddc8        0x4 G:\VeriSilicon\VeriHealthi_QEMU_SDK.202405_preliminary\VeriHealthi_QEMU_SDK.202405_preliminary\VeriHealthi_QEMU_SDK_v3.1\VeriHealthi_QEMU_SDK\galaxy_sdk\os\lib\libos_riscv.a(tasks.c.o)
 .sbss.pxDelayedTaskList
                0x9000ddcc        0x4 G:\VeriSilicon\VeriHealthi_QEMU_SDK.202405_preliminary\VeriHealthi_QEMU_SDK.202405_preliminary\VeriHealthi_QEMU_SDK_v3.1\VeriHealthi_QEMU_SDK\galaxy_sdk\os\lib\libos_riscv.a(tasks.c.o)
 .sbss.pxCurrentTCB
                0x9000ddd0        0x4 G:\VeriSilicon\VeriHealthi_QEMU_SDK.202405_preliminary\VeriHealthi_QEMU_SDK.202405_preliminary\VeriHealthi_QEMU_SDK_v3.1\VeriHealthi_QEMU_SDK\galaxy_sdk\os\lib\libos_riscv.a(tasks.c.o)
                0x9000ddd0                pxCurrentTCB
 .sbss.xLastTime.2
                0x9000ddd4        0x4 G:\VeriSilicon\VeriHealthi_QEMU_SDK.202405_preliminary\VeriHealthi_QEMU_SDK.202405_preliminary\VeriHealthi_QEMU_SDK_v3.1\VeriHealthi_QEMU_SDK\galaxy_sdk\os\lib\libos_riscv.a(timers.c.o)
 .sbss.xTimerTaskHandle
                0x9000ddd8        0x4 G:\VeriSilicon\VeriHealthi_QEMU_SDK.202405_preliminary\VeriHealthi_QEMU_SDK.202405_preliminary\VeriHealthi_QEMU_SDK_v3.1\VeriHealthi_QEMU_SDK\galaxy_sdk\os\lib\libos_riscv.a(timers.c.o)
 .sbss.xTimerQueue
                0x9000dddc        0x4 G:\VeriSilicon\VeriHealthi_QEMU_SDK.202405_preliminary\VeriHealthi_QEMU_SDK.202405_preliminary\VeriHealthi_QEMU_SDK_v3.1\VeriHealthi_QEMU_SDK\galaxy_sdk\os\lib\libos_riscv.a(timers.c.o)
 .sbss.pxOverflowTimerList
                0x9000dde0        0x4 G:\VeriSilicon\VeriHealthi_QEMU_SDK.202405_preliminary\VeriHealthi_QEMU_SDK.202405_preliminary\VeriHealthi_QEMU_SDK_v3.1\VeriHealthi_QEMU_SDK\galaxy_sdk\os\lib\libos_riscv.a(timers.c.o)
 .sbss.pxCurrentTimerList
                0x9000dde4        0x4 G:\VeriSilicon\VeriHealthi_QEMU_SDK.202405_preliminary\VeriHealthi_QEMU_SDK.202405_preliminary\VeriHealthi_QEMU_SDK_v3.1\VeriHealthi_QEMU_SDK\galaxy_sdk\os\lib\libos_riscv.a(timers.c.o)
 .sbss.xBlockAllocatedBit
                0x9000dde8        0x4 G:\VeriSilicon\VeriHealthi_QEMU_SDK.202405_preliminary\VeriHealthi_QEMU_SDK.202405_preliminary\VeriHealthi_QEMU_SDK_v3.1\VeriHealthi_QEMU_SDK\galaxy_sdk\os\lib\libos_riscv.a(heap_4.c.o)
 .sbss.xNumberOfSuccessfulFrees
                0x9000ddec        0x4 G:\VeriSilicon\VeriHealthi_QEMU_SDK.202405_preliminary\VeriHealthi_QEMU_SDK.202405_preliminary\VeriHealthi_QEMU_SDK_v3.1\VeriHealthi_QEMU_SDK\galaxy_sdk\os\lib\libos_riscv.a(heap_4.c.o)
 .sbss.xNumberOfSuccessfulAllocations
                0x9000ddf0        0x4 G:\VeriSilicon\VeriHealthi_QEMU_SDK.202405_preliminary\VeriHealthi_QEMU_SDK.202405_preliminary\VeriHealthi_QEMU_SDK_v3.1\VeriHealthi_QEMU_SDK\galaxy_sdk\os\lib\libos_riscv.a(heap_4.c.o)
 .sbss.xMinimumEverFreeBytesRemaining
                0x9000ddf4        0x4 G:\VeriSilicon\VeriHealthi_QEMU_SDK.202405_preliminary\VeriHealthi_QEMU_SDK.202405_preliminary\VeriHealthi_QEMU_SDK_v3.1\VeriHealthi_QEMU_SDK\galaxy_sdk\os\lib\libos_riscv.a(heap_4.c.o)
 .sbss.xFreeBytesRemaining
                0x9000ddf8        0x4 G:\VeriSilicon\VeriHealthi_QEMU_SDK.202405_preliminary\VeriHealthi_QEMU_SDK.202405_preliminary\VeriHealthi_QEMU_SDK_v3.1\VeriHealthi_QEMU_SDK\galaxy_sdk\os\lib\libos_riscv.a(heap_4.c.o)
 .sbss.pxEnd    0x9000ddfc        0x4 G:\VeriSilicon\VeriHealthi_QEMU_SDK.202405_preliminary\VeriHealthi_QEMU_SDK.202405_preliminary\VeriHealthi_QEMU_SDK_v3.1\VeriHealthi_QEMU_SDK\galaxy_sdk\os\lib\libos_riscv.a(heap_4.c.o)
 .sbss.xStart   0x9000de00        0x8 G:\VeriSilicon\VeriHealthi_QEMU_SDK.202405_preliminary\VeriHealthi_QEMU_SDK.202405_preliminary\VeriHealthi_QEMU_SDK_v3.1\VeriHealthi_QEMU_SDK\galaxy_sdk\os\lib\libos_riscv.a(heap_4.c.o)
 .sbss.__malloc_sbrk_start
                0x9000de08        0x4 C:/Embedded_tools/NucleiStudio/toolchain/gcc/bin/../lib/gcc/riscv64-unknown-elf/13.1.1/../../../../riscv64-unknown-elf/lib/rv32imafc_xxldsp/ilp32f\libc_nano.a(libc_a-mallocr.o)
                0x9000de08                __malloc_sbrk_start
 .sbss.__malloc_free_list
                0x9000de0c        0x4 C:/Embedded_tools/NucleiStudio/toolchain/gcc/bin/../lib/gcc/riscv64-unknown-elf/13.1.1/../../../../riscv64-unknown-elf/lib/rv32imafc_xxldsp/ilp32f\libc_nano.a(libc_a-mallocr.o)
                0x9000de0c                __malloc_free_list
 .sbss.__lock___malloc_recursive_mutex
                0x9000de10        0x1 C:/Embedded_tools/NucleiStudio/toolchain/gcc/bin/../lib/gcc/riscv64-unknown-elf/13.1.1/../../../../riscv64-unknown-elf/lib/rv32imafc_xxldsp/ilp32f\libc_nano.a(libc_a-lock.o)
                0x9000de10                __lock___malloc_recursive_mutex
 *fill*         0x9000de11        0x3 
 .sbss.__lock___atexit_recursive_mutex
                0x9000de14        0x1 C:/Embedded_tools/NucleiStudio/toolchain/gcc/bin/../lib/gcc/riscv64-unknown-elf/13.1.1/../../../../riscv64-unknown-elf/lib/rv32imafc_xxldsp/ilp32f\libc_nano.a(libc_a-lock.o)
                0x9000de14                __lock___atexit_recursive_mutex
 *fill*         0x9000de15        0x3 
 .sbss.__lock___sfp_recursive_mutex
                0x9000de18        0x1 C:/Embedded_tools/NucleiStudio/toolchain/gcc/bin/../lib/gcc/riscv64-unknown-elf/13.1.1/../../../../riscv64-unknown-elf/lib/rv32imafc_xxldsp/ilp32f\libc_nano.a(libc_a-lock.o)
                0x9000de18                __lock___sfp_recursive_mutex
 *fill*         0x9000de19        0x3 
 .sbss.__atexit
                0x9000de1c        0x4 C:/Embedded_tools/NucleiStudio/toolchain/gcc/bin/../lib/gcc/riscv64-unknown-elf/13.1.1/../../../../riscv64-unknown-elf/lib/rv32imafc_xxldsp/ilp32f\libc_nano.a(libc_a-__call_atexit.o)
                0x9000de1c                __atexit
 .sbss.__stdio_exit_handler
                0x9000de20        0x4 C:/Embedded_tools/NucleiStudio/toolchain/gcc/bin/../lib/gcc/riscv64-unknown-elf/13.1.1/../../../../riscv64-unknown-elf/lib/rv32imafc_xxldsp/ilp32f\libc_nano.a(libc_a-findfp.o)
                0x9000de20                __stdio_exit_handler
 .sbss.errno    0x9000de24        0x4 C:/Embedded_tools/NucleiStudio/toolchain/gcc/bin/../lib/gcc/riscv64-unknown-elf/13.1.1/../../../../riscv64-unknown-elf/lib/rv32imafc_xxldsp/ilp32f\libc_nano.a(libc_a-reent.o)
                0x9000de24                errno
 .sbss.heap_ptr
                0x9000de28        0x4 C:/Embedded_tools/NucleiStudio/toolchain/gcc/bin/../lib/gcc/riscv64-unknown-elf/13.1.1/../../../../riscv64-unknown-elf/lib/rv32imafc_xxldsp/ilp32f\libsemihost.a(riscv_libsemihost_a-semihost-sys_sbrk.o)
                0x9000de28                heap_ptr
 *(.gnu.linkonce.sb.*)
 *(.bss .bss.*)
 .bss.system_exception_handlers
                0x9000de2c       0x34 G:\VeriSilicon\VeriHealthi_QEMU_SDK.202405_preliminary\VeriHealthi_QEMU_SDK.202405_preliminary\VeriHealthi_QEMU_SDK_v3.1\VeriHealthi_QEMU_SDK\galaxy_sdk\bsp\lib\libbsp_riscv.a(system_pegasus.c.o)
 .bss.pdm_ctx   0x9000de60       0x2c G:\VeriSilicon\VeriHealthi_QEMU_SDK.202405_preliminary\VeriHealthi_QEMU_SDK.202405_preliminary\VeriHealthi_QEMU_SDK_v3.1\VeriHealthi_QEMU_SDK\galaxy_sdk\drivers\lib\libdriver_riscv.a(pdm_simulator.c.o)
 .bss.xSuspendedTaskList
                0x9000de8c       0x14 G:\VeriSilicon\VeriHealthi_QEMU_SDK.202405_preliminary\VeriHealthi_QEMU_SDK.202405_preliminary\VeriHealthi_QEMU_SDK_v3.1\VeriHealthi_QEMU_SDK\galaxy_sdk\os\lib\libos_riscv.a(tasks.c.o)
 .bss.xTasksWaitingTermination
                0x9000dea0       0x14 G:\VeriSilicon\VeriHealthi_QEMU_SDK.202405_preliminary\VeriHealthi_QEMU_SDK.202405_preliminary\VeriHealthi_QEMU_SDK_v3.1\VeriHealthi_QEMU_SDK\galaxy_sdk\os\lib\libos_riscv.a(tasks.c.o)
 .bss.xPendingReadyList
                0x9000deb4       0x14 G:\VeriSilicon\VeriHealthi_QEMU_SDK.202405_preliminary\VeriHealthi_QEMU_SDK.202405_preliminary\VeriHealthi_QEMU_SDK_v3.1\VeriHealthi_QEMU_SDK\galaxy_sdk\os\lib\libos_riscv.a(tasks.c.o)
 .bss.xDelayedTaskList2
                0x9000dec8       0x14 G:\VeriSilicon\VeriHealthi_QEMU_SDK.202405_preliminary\VeriHealthi_QEMU_SDK.202405_preliminary\VeriHealthi_QEMU_SDK_v3.1\VeriHealthi_QEMU_SDK\galaxy_sdk\os\lib\libos_riscv.a(tasks.c.o)
 .bss.xDelayedTaskList1
                0x9000dedc       0x14 G:\VeriSilicon\VeriHealthi_QEMU_SDK.202405_preliminary\VeriHealthi_QEMU_SDK.202405_preliminary\VeriHealthi_QEMU_SDK_v3.1\VeriHealthi_QEMU_SDK\galaxy_sdk\os\lib\libos_riscv.a(tasks.c.o)
 .bss.pxReadyTasksLists
                0x9000def0       0xa0 G:\VeriSilicon\VeriHealthi_QEMU_SDK.202405_preliminary\VeriHealthi_QEMU_SDK.202405_preliminary\VeriHealthi_QEMU_SDK_v3.1\VeriHealthi_QEMU_SDK\galaxy_sdk\os\lib\libos_riscv.a(tasks.c.o)
 .bss.xStaticTimerQueue.0
                0x9000df90       0x54 G:\VeriSilicon\VeriHealthi_QEMU_SDK.202405_preliminary\VeriHealthi_QEMU_SDK.202405_preliminary\VeriHealthi_QEMU_SDK_v3.1\VeriHealthi_QEMU_SDK\galaxy_sdk\os\lib\libos_riscv.a(timers.c.o)
 .bss.ucStaticTimerQueueStorage.1
                0x9000dfe4       0xf0 G:\VeriSilicon\VeriHealthi_QEMU_SDK.202405_preliminary\VeriHealthi_QEMU_SDK.202405_preliminary\VeriHealthi_QEMU_SDK_v3.1\VeriHealthi_QEMU_SDK\galaxy_sdk\os\lib\libos_riscv.a(timers.c.o)
 .bss.xActiveTimerList2
                0x9000e0d4       0x14 G:\VeriSilicon\VeriHealthi_QEMU_SDK.202405_preliminary\VeriHealthi_QEMU_SDK.202405_preliminary\VeriHealthi_QEMU_SDK_v3.1\VeriHealthi_QEMU_SDK\galaxy_sdk\os\lib\libos_riscv.a(timers.c.o)
 .bss.xActiveTimerList1
                0x9000e0e8       0x14 G:\VeriSilicon\VeriHealthi_QEMU_SDK.202405_preliminary\VeriHealthi_QEMU_SDK.202405_preliminary\VeriHealthi_QEMU_SDK_v3.1\VeriHealthi_QEMU_SDK\galaxy_sdk\os\lib\libos_riscv.a(timers.c.o)
 .bss.__atexit0
                0x9000e0fc       0x8c C:/Embedded_tools/NucleiStudio/toolchain/gcc/bin/../lib/gcc/riscv64-unknown-elf/13.1.1/../../../../riscv64-unknown-elf/lib/rv32imafc_xxldsp/ilp32f\libc_nano.a(libc_a-__atexit.o)
                0x9000e0fc                __atexit0
 .bss.__sf      0x9000e188      0x138 C:/Embedded_tools/NucleiStudio/toolchain/gcc/bin/../lib/gcc/riscv64-unknown-elf/13.1.1/../../../../riscv64-unknown-elf/lib/rv32imafc_xxldsp/ilp32f\libc_nano.a(libc_a-findfp.o)
                0x9000e188                __sf
 .bss.fdtable   0x9000e2c0       0x80 C:/Embedded_tools/NucleiStudio/toolchain/gcc/bin/../lib/gcc/riscv64-unknown-elf/13.1.1/../../../../riscv64-unknown-elf/lib/rv32imafc_xxldsp/ilp32f\libsemihost.a(riscv_libsemihost_a-semihost-sys_fdtable.o)
 *(.gnu.linkonce.b.*)
 *(COMMON)
                0x9000e340                        . = ALIGN (0x4)
                0x9000e340                        PROVIDE (_end = .)
                [!provide]                        PROVIDE (end = .)

.heap           0x9000e340     0x5000
                0x9000e340                        . = ALIGN (0x10)
                [!provide]                        PROVIDE (__heap_start = .)
                0x90013340                        . = (. + __HEAP_SIZE)
 *fill*         0x9000e340     0x5000 
                0x90013340                        . = ALIGN (0x10)
                [!provide]                        PROVIDE (__heap_limit = .)

.stack          0x9003f800      0x800 load address 0x90013340
                0x9003f800                        . = ALIGN (0x10)
                [!provide]                        PROVIDE (_heap_end = .)
                [!provide]                        PROVIDE (__heap_end = .)
                [!provide]                        PROVIDE (__StackLimit = .)
                [!provide]                        PROVIDE (__StackBottom = .)